Archive member included to satisfy reference by file (symbol)

/opt/st/stm32cubeide_1.6.1/plugins/com.st.stm32cube.ide.mcu.externaltools.gnu-tools-for-stm32.9-2020-q2-update.linux64_1.5.0.202011040924/tools/bin/../lib/gcc/arm-none-eabi/9.3.1/../../../../arm-none-eabi/lib/thumb/v7e-m+fp/hard/libc_nano.a(lib_a-errno.o)
                              Core/Src/syscalls.o (__errno)
/opt/st/stm32cubeide_1.6.1/plugins/com.st.stm32cube.ide.mcu.externaltools.gnu-tools-for-stm32.9-2020-q2-update.linux64_1.5.0.202011040924/tools/bin/../lib/gcc/arm-none-eabi/9.3.1/../../../../arm-none-eabi/lib/thumb/v7e-m+fp/hard/libc_nano.a(lib_a-exit.o)
                              /opt/st/stm32cubeide_1.6.1/plugins/com.st.stm32cube.ide.mcu.externaltools.gnu-tools-for-stm32.9-2020-q2-update.linux64_1.5.0.202011040924/tools/bin/../lib/gcc/arm-none-eabi/9.3.1/../../../../arm-none-eabi/lib/thumb/v7e-m+fp/hard/crt0.o (exit)
/opt/st/stm32cubeide_1.6.1/plugins/com.st.stm32cube.ide.mcu.externaltools.gnu-tools-for-stm32.9-2020-q2-update.linux64_1.5.0.202011040924/tools/bin/../lib/gcc/arm-none-eabi/9.3.1/../../../../arm-none-eabi/lib/thumb/v7e-m+fp/hard/libc_nano.a(lib_a-impure.o)
                              /opt/st/stm32cubeide_1.6.1/plugins/com.st.stm32cube.ide.mcu.externaltools.gnu-tools-for-stm32.9-2020-q2-update.linux64_1.5.0.202011040924/tools/bin/../lib/gcc/arm-none-eabi/9.3.1/../../../../arm-none-eabi/lib/thumb/v7e-m+fp/hard/libc_nano.a(lib_a-exit.o) (_global_impure_ptr)
/opt/st/stm32cubeide_1.6.1/plugins/com.st.stm32cube.ide.mcu.externaltools.gnu-tools-for-stm32.9-2020-q2-update.linux64_1.5.0.202011040924/tools/bin/../lib/gcc/arm-none-eabi/9.3.1/../../../../arm-none-eabi/lib/thumb/v7e-m+fp/hard/libc_nano.a(lib_a-init.o)
                              /opt/st/stm32cubeide_1.6.1/plugins/com.st.stm32cube.ide.mcu.externaltools.gnu-tools-for-stm32.9-2020-q2-update.linux64_1.5.0.202011040924/tools/bin/../lib/gcc/arm-none-eabi/9.3.1/../../../../arm-none-eabi/lib/thumb/v7e-m+fp/hard/crt0.o (__libc_init_array)
/opt/st/stm32cubeide_1.6.1/plugins/com.st.stm32cube.ide.mcu.externaltools.gnu-tools-for-stm32.9-2020-q2-update.linux64_1.5.0.202011040924/tools/bin/../lib/gcc/arm-none-eabi/9.3.1/../../../../arm-none-eabi/lib/thumb/v7e-m+fp/hard/libc_nano.a(lib_a-memset.o)
                              /opt/st/stm32cubeide_1.6.1/plugins/com.st.stm32cube.ide.mcu.externaltools.gnu-tools-for-stm32.9-2020-q2-update.linux64_1.5.0.202011040924/tools/bin/../lib/gcc/arm-none-eabi/9.3.1/../../../../arm-none-eabi/lib/thumb/v7e-m+fp/hard/crt0.o (memset)
/opt/st/stm32cubeide_1.6.1/plugins/com.st.stm32cube.ide.mcu.externaltools.gnu-tools-for-stm32.9-2020-q2-update.linux64_1.5.0.202011040924/tools/bin/../lib/gcc/arm-none-eabi/9.3.1/../../../../arm-none-eabi/lib/thumb/v7e-m+fp/hard/libc_nano.a(lib_a-sprintf.o)
                              Core/Src/new_hope/print.o (sprintf)
/opt/st/stm32cubeide_1.6.1/plugins/com.st.stm32cube.ide.mcu.externaltools.gnu-tools-for-stm32.9-2020-q2-update.linux64_1.5.0.202011040924/tools/bin/../lib/gcc/arm-none-eabi/9.3.1/../../../../arm-none-eabi/lib/thumb/v7e-m+fp/hard/libc_nano.a(lib_a-strlen.o)
                              Core/Src/new_hope/stm32f0_wrapper.o (strlen)
/opt/st/stm32cubeide_1.6.1/plugins/com.st.stm32cube.ide.mcu.externaltools.gnu-tools-for-stm32.9-2020-q2-update.linux64_1.5.0.202011040924/tools/bin/../lib/gcc/arm-none-eabi/9.3.1/../../../../arm-none-eabi/lib/thumb/v7e-m+fp/hard/libc_nano.a(lib_a-nano-svfprintf.o)
                              /opt/st/stm32cubeide_1.6.1/plugins/com.st.stm32cube.ide.mcu.externaltools.gnu-tools-for-stm32.9-2020-q2-update.linux64_1.5.0.202011040924/tools/bin/../lib/gcc/arm-none-eabi/9.3.1/../../../../arm-none-eabi/lib/thumb/v7e-m+fp/hard/libc_nano.a(lib_a-sprintf.o) (_svfprintf_r)
/opt/st/stm32cubeide_1.6.1/plugins/com.st.stm32cube.ide.mcu.externaltools.gnu-tools-for-stm32.9-2020-q2-update.linux64_1.5.0.202011040924/tools/bin/../lib/gcc/arm-none-eabi/9.3.1/../../../../arm-none-eabi/lib/thumb/v7e-m+fp/hard/libc_nano.a(lib_a-nano-vfprintf_i.o)
                              /opt/st/stm32cubeide_1.6.1/plugins/com.st.stm32cube.ide.mcu.externaltools.gnu-tools-for-stm32.9-2020-q2-update.linux64_1.5.0.202011040924/tools/bin/../lib/gcc/arm-none-eabi/9.3.1/../../../../arm-none-eabi/lib/thumb/v7e-m+fp/hard/libc_nano.a(lib_a-nano-svfprintf.o) (_printf_i)
/opt/st/stm32cubeide_1.6.1/plugins/com.st.stm32cube.ide.mcu.externaltools.gnu-tools-for-stm32.9-2020-q2-update.linux64_1.5.0.202011040924/tools/bin/../lib/gcc/arm-none-eabi/9.3.1/../../../../arm-none-eabi/lib/thumb/v7e-m+fp/hard/libc_nano.a(lib_a-memchr.o)
                              /opt/st/stm32cubeide_1.6.1/plugins/com.st.stm32cube.ide.mcu.externaltools.gnu-tools-for-stm32.9-2020-q2-update.linux64_1.5.0.202011040924/tools/bin/../lib/gcc/arm-none-eabi/9.3.1/../../../../arm-none-eabi/lib/thumb/v7e-m+fp/hard/libc_nano.a(lib_a-nano-svfprintf.o) (memchr)
[...]
Memory Configuration

Name             Origin             Length             Attributes
CCMRAM           0x0000000010000000 0x0000000000010000 xrw
RAM              0x0000000020000000 0x0000000000020000 xrw
FLASH            0x0000000008000000 0x0000000000100000 xr
*default*        0x0000000000000000 0xffffffffffffffff

Linker script and memory map

LOAD /opt/st/stm32cubeide_1.6.1/plugins/com.st.stm32cube.ide.mcu.externaltools.gnu-tools-for-stm32.9-2020-q2-update.linux64_1.5.0.202011040924/tools/bin/../lib/gcc/arm-none-eabi/9.3.1/thumb/v7e-m+fp/hard/crti.o
LOAD /opt/st/stm32cubeide_1.6.1/plugins/com.st.stm32cube.ide.mcu.externaltools.gnu-tools-for-stm32.9-2020-q2-update.linux64_1.5.0.202011040924/tools/bin/../lib/gcc/arm-none-eabi/9.3.1/thumb/v7e-m+fp/hard/crtbegin.o
LOAD /opt/st/stm32cubeide_1.6.1/plugins/com.st.stm32cube.ide.mcu.externaltools.gnu-tools-for-stm32.9-2020-q2-update.linux64_1.5.0.202011040924/tools/bin/../lib/gcc/arm-none-eabi/9.3.1/../../../../arm-none-eabi/lib/thumb/v7e-m+fp/hard/crt0.o
LOAD Core/Src/main.o
LOAD Core/Src/stm32f4xx_hal_msp.o
LOAD Core/Src/stm32f4xx_it.o
LOAD Core/Src/syscalls.o
LOAD Core/Src/sysmem.o
LOAD Core/Src/system_stm32f4xx.o
LOAD Core/Src/new_hope/asm_KeccakF-1600.o
LOAD Core/Src/new_hope/asm_chacha.o
LOAD Core/Src/new_hope/asm_ec.o
LOAD Core/Src/new_hope/asm_ntt.o
LOAD Core/Src/new_hope/asm_poly.o
LOAD Core/Src/new_hope/client.o
LOAD Core/Src/new_hope/crypto_stream_chacha20.o
LOAD Core/Src/new_hope/error_correction.o
LOAD Core/Src/new_hope/fips202.o
LOAD Core/Src/new_hope/newhope.o
LOAD Core/Src/new_hope/ntt.o
LOAD Core/Src/new_hope/poly.o
LOAD Core/Src/new_hope/print.o
LOAD Core/Src/new_hope/randombytes.o
LOAD Core/Src/new_hope/reduce.o
LOAD Core/Src/new_hope/stm32f0_wrapper.o
LOAD Core/Startup/startup_stm32f405rgtx.o
LOAD Drivers/STM32F4xx_HAL_Driver/Src/stm32f4xx_hal.o
LOAD Drivers/STM32F4xx_HAL_Driver/Src/stm32f4xx_hal_cortex.o
LOAD Drivers/STM32F4xx_HAL_Driver/Src/stm32f4xx_hal_dma.o
LOAD Drivers/STM32F4xx_HAL_Driver/Src/stm32f4xx_hal_dma_ex.o
LOAD Drivers/STM32F4xx_HAL_Driver/Src/stm32f4xx_hal_exti.o
LOAD Drivers/STM32F4xx_HAL_Driver/Src/stm32f4xx_hal_flash.o
LOAD Drivers/STM32F4xx_HAL_Driver/Src/stm32f4xx_hal_flash_ex.o
LOAD Drivers/STM32F4xx_HAL_Driver/Src/stm32f4xx_hal_flash_ramfunc.o
LOAD Drivers/STM32F4xx_HAL_Driver/Src/stm32f4xx_hal_gpio.o
LOAD Drivers/STM32F4xx_HAL_Driver/Src/stm32f4xx_hal_pwr.o
LOAD Drivers/STM32F4xx_HAL_Driver/Src/stm32f4xx_hal_pwr_ex.o
LOAD Drivers/STM32F4xx_HAL_Driver/Src/stm32f4xx_hal_rcc.o
LOAD Drivers/STM32F4xx_HAL_Driver/Src/stm32f4xx_hal_rcc_ex.o
LOAD Drivers/STM32F4xx_HAL_Driver/Src/stm32f4xx_hal_tim.o
LOAD Drivers/STM32F4xx_HAL_Driver/Src/stm32f4xx_hal_tim_ex.o
LOAD Drivers/STM32F4xx_HAL_Driver/Src/stm32f4xx_hal_uart.o
START GROUP
LOAD /opt/st/stm32cubeide_1.6.1/plugins/com.st.stm32cube.ide.mcu.externaltools.gnu-tools-for-stm32.9-2020-q2-update.linux64_1.5.0.202011040924/tools/bin/../lib/gcc/arm-none-eabi/9.3.1/../../../../arm-none-eabi/lib/thumb/v7e-m+fp/hard/libc_nano.a
LOAD /opt/st/stm32cubeide_1.6.1/plugins/com.st.stm32cube.ide.mcu.externaltools.gnu-tools-for-stm32.9-2020-q2-update.linux64_1.5.0.202011040924/tools/bin/../lib/gcc/arm-none-eabi/9.3.1/../../../../arm-none-eabi/lib/thumb/v7e-m+fp/hard/libm.a
END GROUP
START GROUP
LOAD /opt/st/stm32cubeide_1.6.1/plugins/com.st.stm32cube.ide.mcu.externaltools.gnu-tools-for-stm32.9-2020-q2-update.linux64_1.5.0.202011040924/tools/bin/../lib/gcc/arm-none-eabi/9.3.1/thumb/v7e-m+fp/hard/libgcc.a
LOAD /opt/st/stm32cubeide_1.6.1/plugins/com.st.stm32cube.ide.mcu.externaltools.gnu-tools-for-stm32.9-2020-q2-update.linux64_1.5.0.202011040924/tools/bin/../lib/gcc/arm-none-eabi/9.3.1/../../../../arm-none-eabi/lib/thumb/v7e-m+fp/hard/libc_nano.a
END GROUP
START GROUP
LOAD /opt/st/stm32cubeide_1.6.1/plugins/com.st.stm32cube.ide.mcu.externaltools.gnu-tools-for-stm32.9-2020-q2-update.linux64_1.5.0.202011040924/tools/bin/../lib/gcc/arm-none-eabi/9.3.1/thumb/v7e-m+fp/hard/libgcc.a
LOAD /opt/st/stm32cubeide_1.6.1/plugins/com.st.stm32cube.ide.mcu.externaltools.gnu-tools-for-stm32.9-2020-q2-update.linux64_1.5.0.202011040924/tools/bin/../lib/gcc/arm-none-eabi/9.3.1/../../../../arm-none-eabi/lib/thumb/v7e-m+fp/hard/libc_nano.a
LOAD /opt/st/stm32cubeide_1.6.1/plugins/com.st.stm32cube.ide.mcu.externaltools.gnu-tools-for-stm32.9-2020-q2-update.linux64_1.5.0.202011040924/tools/bin/../lib/gcc/arm-none-eabi/9.3.1/../../../../arm-none-eabi/lib/thumb/v7e-m+fp/hard/libnosys.a
END GROUP
START GROUP
LOAD /opt/st/stm32cubeide_1.6.1/plugins/com.st.stm32cube.ide.mcu.externaltools.gnu-tools-for-stm32.9-2020-q2-update.linux64_1.5.0.202011040924/tools/bin/../lib/gcc/arm-none-eabi/9.3.1/thumb/v7e-m+fp/hard/libgcc.a
LOAD /opt/st/stm32cubeide_1.6.1/plugins/com.st.stm32cube.ide.mcu.externaltools.gnu-tools-for-stm32.9-2020-q2-update.linux64_1.5.0.202011040924/tools/bin/../lib/gcc/arm-none-eabi/9.3.1/../../../../arm-none-eabi/lib/thumb/v7e-m+fp/hard/libc_nano.a
LOAD /opt/st/stm32cubeide_1.6.1/plugins/com.st.stm32cube.ide.mcu.externaltools.gnu-tools-for-stm32.9-2020-q2-update.linux64_1.5.0.202011040924/tools/bin/../lib/gcc/arm-none-eabi/9.3.1/../../../../arm-none-eabi/lib/thumb/v7e-m+fp/hard/libnosys.a
END GROUP
LOAD /opt/st/stm32cubeide_1.6.1/plugins/com.st.stm32cube.ide.mcu.externaltools.gnu-tools-for-stm32.9-2020-q2-update.linux64_1.5.0.202011040924/tools/bin/../lib/gcc/arm-none-eabi/9.3.1/thumb/v7e-m+fp/hard/crtend.o
LOAD /opt/st/stm32cubeide_1.6.1/plugins/com.st.stm32cube.ide.mcu.externaltools.gnu-tools-for-stm32.9-2020-q2-update.linux64_1.5.0.202011040924/tools/bin/../lib/gcc/arm-none-eabi/9.3.1/thumb/v7e-m+fp/hard/crtn.o
                0x0000000020020000                _estack = (ORIGIN (RAM) + LENGTH (RAM))
                0x0000000000000200                _Min_Heap_Size = 0x200
                0x0000000000000400                _Min_Stack_Size = 0x400

.isr_vector     0x0000000008000000      0x188
                0x0000000008000000                . = ALIGN (0x4)
 *(.isr_vector)
 .isr_vector    0x0000000008000000      0x188 Core/Startup/startup_stm32f405rgtx.o
                0x0000000008000000                g_pfnVectors
                0x0000000008000188                . = ALIGN (0x4)

.text           0x0000000008000200     0x9614
                0x0000000008000200                . = ALIGN (0x4)
 *(.text)
 .text          0x0000000008000200       0x40 /opt/st/stm32cubeide_1.6.1/plugins/com.st.stm32cube.ide.mcu.externaltools.gnu-tools-for-stm32.9-2020-q2-update.linux64_1.5.0.202011040924/tools/bin/../lib/gcc/arm-none-eabi/9.3.1/thumb/v7e-m+fp/hard/crtbegin.o
 *fill*         0x0000000008000240       0xc0 
 .text          0x0000000008000300     0x20c4 Core/Src/new_hope/asm_KeccakF-1600.o
                0x0000000008000300                KeccakF1600_Initialize
                0x0000000008000400                KeccakF1600_StateInitialize
                0x0000000008000500                KeccakF1600_StateComplementBit
                0x0000000008000600                KeccakF1600_StateXORBytes
                0x0000000008000a00                KeccakF1600_StateExtractBytes
                0x0000000008000e00                KeccakF1600_StatePermute
 .text          0x00000000080023c4      0xdb0 Core/Src/new_hope/asm_chacha.o
                0x00000000080023c4                asm_csc_for
                0x00000000080023d4                asm_init
                0x00000000080023ec                asm_quarterround
                0x00000000080030e4                asm_add_and_store
 .text          0x0000000008003174     0x1a34 Core/Src/new_hope/asm_ec.o
                0x0000000008003f9e                asm_helprec
                0x00000000080049b2                asm_rec
 .text          0x0000000008004ba8      0x830 Core/Src/new_hope/asm_ntt.o
                0x0000000008004ba8                asm_ntt
                0x000000000800508c                asm_mulcoef_otf
                0x000000000800519c                asm_mulcoef
                0x000000000800522e                test_butterfly
                0x00000000080052ac                test_lazy_butterfly
                0x0000000008005314                test_doublefly
 .text          0x00000000080053d8      0x10e Core/Src/new_hope/asm_poly.o
                0x00000000080053d8                asm_poly_add
                0x0000000008005454                asm_poly_pointwise
 *fill*         0x00000000080054e6        0x2 
 .text          0x00000000080054e8       0x30 /opt/st/stm32cubeide_1.6.1/plugins/com.st.stm32cube.ide.mcu.externaltools.gnu-tools-for-stm32.9-2020-q2-update.linux64_1.5.0.202011040924/tools/bin/../lib/gcc/arm-none-eabi/9.3.1/thumb/v7e-m+fp/hard/libgcc.a(_aeabi_uldivmod.o)
                0x00000000080054e8                __aeabi_uldivmod
 .text          0x0000000008005518      0x2c4 /opt/st/stm32cubeide_1.6.1/plugins/com.st.stm32cube.ide.mcu.externaltools.gnu-tools-for-stm32.9-2020-q2-update.linux64_1.5.0.202011040924/tools/bin/../lib/gcc/arm-none-eabi/9.3.1/thumb/v7e-m+fp/hard/libgcc.a(_udivmoddi4.o)
                0x0000000008005518                __udivmoddi4
 .text          0x00000000080057dc        0x4 /opt/st/stm32cubeide_1.6.1/plugins/com.st.stm32cube.ide.mcu.externaltools.gnu-tools-for-stm32.9-2020-q2-update.linux64_1.5.0.202011040924/tools/bin/../lib/gcc/arm-none-eabi/9.3.1/thumb/v7e-m+fp/hard/libgcc.a(_dvmd_tls.o)
                0x00000000080057dc                __aeabi_ldiv0
                0x00000000080057dc                __aeabi_idiv0
 *(.text*)
 .text.main     0x00000000080057e0       0x1e Core/Src/main.o
                0x00000000080057e0                main
 *fill*         0x00000000080057fe        0x2 
 .text.SystemClock_Config
                0x0000000008005800       0xbc Core/Src/main.o
                0x0000000008005800                SystemClock_Config
 .text.MX_USART1_UART_Init
                0x00000000080058bc       0x54 Core/Src/main.o
 .text.MX_DMA_Init
                0x0000000008005910       0x50 Core/Src/main.o
 .text.MX_GPIO_Init
                0x0000000008005960       0x34 Core/Src/main.o
 .text.Error_Handler
                0x0000000008005994        0xa Core/Src/main.o
                0x0000000008005994                Error_Handler
 *fill*         0x000000000800599e        0x2 
 .text.HAL_MspInit
                0x00000000080059a0       0x50 Core/Src/stm32f4xx_hal_msp.o
                0x00000000080059a0                HAL_MspInit
 .text.HAL_UART_MspInit
                0x00000000080059f0      0x16c Core/Src/stm32f4xx_hal_msp.o
                0x00000000080059f0                HAL_UART_MspInit
 .text.NMI_Handler
                0x0000000008005b5c        0x6 Core/Src/stm32f4xx_it.o
                0x0000000008005b5c                NMI_Handler
 .text.HardFault_Handler
                0x0000000008005b62        0x6 Core/Src/stm32f4xx_it.o
                0x0000000008005b62                HardFault_Handler
 .text.MemManage_Handler
                0x0000000008005b68        0x6 Core/Src/stm32f4xx_it.o
                0x0000000008005b68                MemManage_Handler
 .text.BusFault_Handler
                0x0000000008005b6e        0x6 Core/Src/stm32f4xx_it.o
                0x0000000008005b6e                BusFault_Handler
 .text.UsageFault_Handler
                0x0000000008005b74        0x6 Core/Src/stm32f4xx_it.o
                0x0000000008005b74                UsageFault_Handler
 .text.SVC_Handler
                0x0000000008005b7a        0xe Core/Src/stm32f4xx_it.o
                0x0000000008005b7a                SVC_Handler
 .text.DebugMon_Handler
                0x0000000008005b88        0xe Core/Src/stm32f4xx_it.o
                0x0000000008005b88                DebugMon_Handler
 .text.PendSV_Handler
                0x0000000008005b96        0xe Core/Src/stm32f4xx_it.o
                0x0000000008005b96                PendSV_Handler
 .text.SysTick_Handler
                0x0000000008005ba4        0xc Core/Src/stm32f4xx_it.o
                0x0000000008005ba4                SysTick_Handler
 .text.USART1_IRQHandler
                0x0000000008005bb0       0x14 Core/Src/stm32f4xx_it.o
                0x0000000008005bb0                USART1_IRQHandler
 .text.DMA2_Stream2_IRQHandler
                0x0000000008005bc4       0x14 Core/Src/stm32f4xx_it.o
                0x0000000008005bc4                DMA2_Stream2_IRQHandler
 .text.DMA2_Stream7_IRQHandler
                0x0000000008005bd8       0x14 Core/Src/stm32f4xx_it.o
                0x0000000008005bd8                DMA2_Stream7_IRQHandler
 .text.SystemInit
                0x0000000008005bec       0x24 Core/Src/system_stm32f4xx.o
                0x0000000008005bec                SystemInit
 .text.request  0x0000000008005c10       0x58 Core/Src/new_hope/client.o
                0x0000000008005c10                request
 .text.check_key
                0x0000000008005c68       0x90 Core/Src/new_hope/client.o
                0x0000000008005c68                check_key
 .text.send_x   0x0000000008005cf8       0xb4 Core/Src/new_hope/client.o
                0x0000000008005cf8                send_x
 .text.test_client
                0x0000000008005dac       0x40 Core/Src/new_hope/client.o
                0x0000000008005dac                test_client
 .text.crypto_core_chacha20
                0x0000000008005dec       0x7a Core/Src/new_hope/crypto_stream_chacha20.o
 *fill*         0x0000000008005e66        0x2 
 .text.crypto_stream_chacha20
                0x0000000008005e68      0x178 Core/Src/new_hope/crypto_stream_chacha20.o
                0x0000000008005e68                crypto_stream_chacha20
 .text.helprec  0x0000000008005fe0       0x6c Core/Src/new_hope/error_correction.o
                0x0000000008005fe0                helprec
 .text.keccak_squeezefourblocks_asm
                0x000000000800604c       0x70 Core/Src/new_hope/fips202.o
 .text.keccak_squeezeblock_asm
                0x00000000080060bc       0x26 Core/Src/new_hope/fips202.o
 .text.keccak_absorb_asm
                0x00000000080060e2      0x11c Core/Src/new_hope/fips202.o
 .text.shake128_absorb_asm
                0x00000000080061fe       0x2e Core/Src/new_hope/fips202.o
                0x00000000080061fe                shake128_absorb_asm
 .text.shake128_squeezeblocks_asm
                0x000000000800622c       0x36 Core/Src/new_hope/fips202.o
                0x000000000800622c                shake128_squeezeblocks_asm
 .text.sha3256  0x0000000008006262       0x9c Core/Src/new_hope/fips202.o
                0x0000000008006262                sha3256
 .text.decode_ap
                0x00000000080062fe       0x62 Core/Src/new_hope/newhope.o
 .text.encode_bp
                0x0000000008006360       0xca Core/Src/new_hope/newhope.o
 .text.gen_a    0x000000000800642a       0x1a Core/Src/new_hope/newhope.o
                0x000000000800642a                gen_a
 .text.newhope_sharedb_internal
                0x0000000008006444      0x156 Core/Src/new_hope/newhope.o
                0x0000000008006444                newhope_sharedb_internal
 .text.newhope_sharedb
                0x000000000800659a       0x26 Core/Src/new_hope/newhope.o
                0x000000000800659a                newhope_sharedb
 .text.bitrev_vector
                0x00000000080065c0       0x6c Core/Src/new_hope/ntt.o
                0x00000000080065c0                bitrev_vector
 .text.poly_amplify
                0x000000000800662c      0x2b4 Core/Src/new_hope/poly.o
                0x000000000800662c                poly_amplify
 .text.poly_frombytes_all
                0x00000000080068e0       0x58 Core/Src/new_hope/poly.o
                0x00000000080068e0                poly_frombytes_all
 .text.poly_densify
                0x0000000008006938      0x3b4 Core/Src/new_hope/poly.o
                0x0000000008006938                poly_densify
 .text.poly_uniform
                0x0000000008006cec      0x128 Core/Src/new_hope/poly.o
                0x0000000008006cec                poly_uniform
 .text.poly_getnoise
                0x0000000008006e14      0x154 Core/Src/new_hope/poly.o
                0x0000000008006e14                poly_getnoise
 .text.poly_bitrev
                0x0000000008006f68       0x18 Core/Src/new_hope/poly.o
                0x0000000008006f68                poly_bitrev
 .text.poly_ntt
                0x0000000008006f80       0x28 Core/Src/new_hope/poly.o
                0x0000000008006f80                poly_ntt
 .text.poly_invntt
                0x0000000008006fa8       0x2c Core/Src/new_hope/poly.o
                0x0000000008006fa8                poly_invntt
 .text.randombytes
                0x0000000008006fd4       0xe4 Core/Src/new_hope/randombytes.o
                0x0000000008006fd4                randombytes
 .text.barrett_reduce
                0x00000000080070b8       0x3c Core/Src/new_hope/reduce.o
                0x00000000080070b8                barrett_reduce
 .text.dma_request
                0x00000000080070f4       0x24 Core/Src/new_hope/stm32f0_wrapper.o
                0x00000000080070f4                dma_request
 .text.dma_transmit
                0x0000000008007118       0x28 Core/Src/new_hope/stm32f0_wrapper.o
                0x0000000008007118                dma_transmit
 .text.dma_done
                0x0000000008007140       0x3c Core/Src/new_hope/stm32f0_wrapper.o
                0x0000000008007140                dma_done
 .text.signal_host
                0x000000000800717c       0x28 Core/Src/new_hope/stm32f0_wrapper.o
                0x000000000800717c                signal_host
 .text.Reset_Handler
                0x00000000080071a4       0x50 Core/Startup/startup_stm32f405rgtx.o
                0x00000000080071a4                Reset_Handler
 .text.Default_Handler
                0x00000000080071f4        0x2 Core/Startup/startup_stm32f405rgtx.o
                0x00000000080071f4                RTC_Alarm_IRQHandler
                0x00000000080071f4                HASH_RNG_IRQHandler
                0x00000000080071f4                EXTI2_IRQHandler
                0x00000000080071f4                TIM8_CC_IRQHandler
                0x00000000080071f4                TIM1_CC_IRQHandler
                0x00000000080071f4                DMA2_Stream5_IRQHandler
                0x00000000080071f4                DMA1_Stream5_IRQHandler
                0x00000000080071f4                PVD_IRQHandler
                0x00000000080071f4                SDIO_IRQHandler
                0x00000000080071f4                TAMP_STAMP_IRQHandler
                0x00000000080071f4                CAN2_RX1_IRQHandler
                0x00000000080071f4                EXTI3_IRQHandler
                0x00000000080071f4                TIM8_TRG_COM_TIM14_IRQHandler
                0x00000000080071f4                TIM1_UP_TIM10_IRQHandler
                0x00000000080071f4                TIM8_UP_TIM13_IRQHandler
                0x00000000080071f4                I2C3_ER_IRQHandler
                0x00000000080071f4                EXTI0_IRQHandler
                0x00000000080071f4                I2C2_EV_IRQHandler
                0x00000000080071f4                DMA1_Stream2_IRQHandler
                0x00000000080071f4                CAN1_RX0_IRQHandler
                0x00000000080071f4                FPU_IRQHandler
                0x00000000080071f4                OTG_HS_WKUP_IRQHandler
                0x00000000080071f4                CAN2_SCE_IRQHandler
                0x00000000080071f4                SPI1_IRQHandler
                0x00000000080071f4                TIM6_DAC_IRQHandler
                0x00000000080071f4                TIM1_BRK_TIM9_IRQHandler
                0x00000000080071f4                CAN2_RX0_IRQHandler
                0x00000000080071f4                DMA2_Stream3_IRQHandler
                0x00000000080071f4                USART6_IRQHandler
                0x00000000080071f4                USART3_IRQHandler
                0x00000000080071f4                CAN1_RX1_IRQHandler
                0x00000000080071f4                UART5_IRQHandler
                0x00000000080071f4                DMA2_Stream0_IRQHandler
                0x00000000080071f4                TIM4_IRQHandler
                0x00000000080071f4                I2C1_EV_IRQHandler
                0x00000000080071f4                DMA1_Stream6_IRQHandler
                0x00000000080071f4                DMA1_Stream1_IRQHandler
                0x00000000080071f4                UART4_IRQHandler
                0x00000000080071f4                TIM3_IRQHandler
                0x00000000080071f4                RCC_IRQHandler
                0x00000000080071f4                TIM8_BRK_TIM12_IRQHandler
                0x00000000080071f4                Default_Handler
                0x00000000080071f4                EXTI15_10_IRQHandler
                0x00000000080071f4                ADC_IRQHandler
                0x00000000080071f4                DMA1_Stream7_IRQHandler
                0x00000000080071f4                TIM7_IRQHandler
                0x00000000080071f4                CAN2_TX_IRQHandler
                0x00000000080071f4                TIM5_IRQHandler
                0x00000000080071f4                I2C3_EV_IRQHandler
                0x00000000080071f4                EXTI9_5_IRQHandler
                0x00000000080071f4                RTC_WKUP_IRQHandler
                0x00000000080071f4                SPI2_IRQHandler
                0x00000000080071f4                OTG_HS_EP1_IN_IRQHandler
                0x00000000080071f4                DMA1_Stream0_IRQHandler
                0x00000000080071f4                CAN1_TX_IRQHandler
                0x00000000080071f4                EXTI4_IRQHandler
                0x00000000080071f4                FSMC_IRQHandler
                0x00000000080071f4                OTG_HS_EP1_OUT_IRQHandler
                0x00000000080071f4                WWDG_IRQHandler
                0x00000000080071f4                TIM2_IRQHandler
                0x00000000080071f4                OTG_FS_WKUP_IRQHandler
                0x00000000080071f4                TIM1_TRG_COM_TIM11_IRQHandler
                0x00000000080071f4                OTG_HS_IRQHandler
                0x00000000080071f4                EXTI1_IRQHandler
                0x00000000080071f4                USART2_IRQHandler
                0x00000000080071f4                I2C2_ER_IRQHandler
                0x00000000080071f4                DMA2_Stream1_IRQHandler
                0x00000000080071f4                CAN1_SCE_IRQHandler
                0x00000000080071f4                FLASH_IRQHandler
                0x00000000080071f4                DMA2_Stream4_IRQHandler
                0x00000000080071f4                OTG_FS_IRQHandler
                0x00000000080071f4                SPI3_IRQHandler
                0x00000000080071f4                DMA1_Stream4_IRQHandler
                0x00000000080071f4                I2C1_ER_IRQHandler
                0x00000000080071f4                DMA2_Stream6_IRQHandler
                0x00000000080071f4                DMA1_Stream3_IRQHandler
 *fill*         0x00000000080071f6        0x2 
 .text.HAL_Init
                0x00000000080071f8       0x44 Drivers/STM32F4xx_HAL_Driver/Src/stm32f4xx_hal.o
                0x00000000080071f8                HAL_Init
 .text.HAL_InitTick
                0x000000000800723c       0x60 Drivers/STM32F4xx_HAL_Driver/Src/stm32f4xx_hal.o
                0x000000000800723c                HAL_InitTick
 .text.HAL_IncTick
                0x000000000800729c       0x28 Drivers/STM32F4xx_HAL_Driver/Src/stm32f4xx_hal.o
                0x000000000800729c                HAL_IncTick
 .text.HAL_GetTick
                0x00000000080072c4       0x18 Drivers/STM32F4xx_HAL_Driver/Src/stm32f4xx_hal.o
                0x00000000080072c4                HAL_GetTick
 .text.__NVIC_SetPriorityGrouping
                0x00000000080072dc       0x48 Drivers/STM32F4xx_HAL_Driver/Src/stm32f4xx_hal_cortex.o
 .text.__NVIC_GetPriorityGrouping
                0x0000000008007324       0x1c Drivers/STM32F4xx_HAL_Driver/Src/stm32f4xx_hal_cortex.o
 .text.__NVIC_EnableIRQ
                0x0000000008007340       0x3c Drivers/STM32F4xx_HAL_Driver/Src/stm32f4xx_hal_cortex.o
 .text.__NVIC_SetPriority
                0x000000000800737c       0x54 Drivers/STM32F4xx_HAL_Driver/Src/stm32f4xx_hal_cortex.o
 .text.NVIC_EncodePriority
                0x00000000080073d0       0x66 Drivers/STM32F4xx_HAL_Driver/Src/stm32f4xx_hal_cortex.o
 *fill*         0x0000000008007436        0x2 
 .text.SysTick_Config
                0x0000000008007438       0x44 Drivers/STM32F4xx_HAL_Driver/Src/stm32f4xx_hal_cortex.o
 .text.HAL_NVIC_SetPriorityGrouping
                0x000000000800747c       0x16 Drivers/STM32F4xx_HAL_Driver/Src/stm32f4xx_hal_cortex.o
                0x000000000800747c                HAL_NVIC_SetPriorityGrouping
 .text.HAL_NVIC_SetPriority
                0x0000000008007492       0x38 Drivers/STM32F4xx_HAL_Driver/Src/stm32f4xx_hal_cortex.o
                0x0000000008007492                HAL_NVIC_SetPriority
 .text.HAL_NVIC_EnableIRQ
                0x00000000080074ca       0x1c Drivers/STM32F4xx_HAL_Driver/Src/stm32f4xx_hal_cortex.o
                0x00000000080074ca                HAL_NVIC_EnableIRQ
 .text.HAL_SYSTICK_Config
                0x00000000080074e6       0x18 Drivers/STM32F4xx_HAL_Driver/Src/stm32f4xx_hal_cortex.o
                0x00000000080074e6                HAL_SYSTICK_Config
 *fill*         0x00000000080074fe        0x2 
 .text.HAL_DMA_Init
                0x0000000008007500      0x15c Drivers/STM32F4xx_HAL_Driver/Src/stm32f4xx_hal_dma.o
                0x0000000008007500                HAL_DMA_Init
 .text.HAL_DMA_Start_IT
                0x000000000800765c       0xb0 Drivers/STM32F4xx_HAL_Driver/Src/stm32f4xx_hal_dma.o
                0x000000000800765c                HAL_DMA_Start_IT
 .text.HAL_DMA_Abort
                0x000000000800770c       0xe0 Drivers/STM32F4xx_HAL_Driver/Src/stm32f4xx_hal_dma.o
                0x000000000800770c                HAL_DMA_Abort
 .text.HAL_DMA_Abort_IT
                0x00000000080077ec       0x44 Drivers/STM32F4xx_HAL_Driver/Src/stm32f4xx_hal_dma.o
                0x00000000080077ec                HAL_DMA_Abort_IT
 .text.HAL_DMA_IRQHandler
                0x0000000008007830      0x314 Drivers/STM32F4xx_HAL_Driver/Src/stm32f4xx_hal_dma.o
                0x0000000008007830                HAL_DMA_IRQHandler
 .text.DMA_SetConfig
                0x0000000008007b44       0x5c Drivers/STM32F4xx_HAL_Driver/Src/stm32f4xx_hal_dma.o
 .text.DMA_CalcBaseAndBitshift
                0x0000000008007ba0       0x6c Drivers/STM32F4xx_HAL_Driver/Src/stm32f4xx_hal_dma.o
 .text.DMA_CheckFifoParam
                0x0000000008007c0c       0xf8 Drivers/STM32F4xx_HAL_Driver/Src/stm32f4xx_hal_dma.o
 .text.HAL_GPIO_Init
                0x0000000008007d04      0x338 Drivers/STM32F4xx_HAL_Driver/Src/stm32f4xx_hal_gpio.o
                0x0000000008007d04                HAL_GPIO_Init
 .text.HAL_RCC_OscConfig
                0x000000000800803c      0x4f0 Drivers/STM32F4xx_HAL_Driver/Src/stm32f4xx_hal_rcc.o
                0x000000000800803c                HAL_RCC_OscConfig
 .text.HAL_RCC_ClockConfig
                0x000000000800852c      0x1cc Drivers/STM32F4xx_HAL_Driver/Src/stm32f4xx_hal_rcc.o
                0x000000000800852c                HAL_RCC_ClockConfig
 .text.HAL_RCC_GetSysClockFreq
                0x00000000080086f8      0x16c Drivers/STM32F4xx_HAL_Driver/Src/stm32f4xx_hal_rcc.o
                0x00000000080086f8                HAL_RCC_GetSysClockFreq
 .text.HAL_RCC_GetHCLKFreq
                0x0000000008008864       0x18 Drivers/STM32F4xx_HAL_Driver/Src/stm32f4xx_hal_rcc.o
                0x0000000008008864                HAL_RCC_GetHCLKFreq
 .text.HAL_RCC_GetPCLK1Freq
                0x000000000800887c       0x28 Drivers/STM32F4xx_HAL_Driver/Src/stm32f4xx_hal_rcc.o
                0x000000000800887c                HAL_RCC_GetPCLK1Freq
 .text.HAL_RCC_GetPCLK2Freq
                0x00000000080088a4       0x28 Drivers/STM32F4xx_HAL_Driver/Src/stm32f4xx_hal_rcc.o
                0x00000000080088a4                HAL_RCC_GetPCLK2Freq
 .text.HAL_UART_Init
                0x00000000080088cc       0x9a Drivers/STM32F4xx_HAL_Driver/Src/stm32f4xx_hal_uart.o
                0x00000000080088cc                HAL_UART_Init
 .text.HAL_UART_Transmit
                0x0000000008008966      0x124 Drivers/STM32F4xx_HAL_Driver/Src/stm32f4xx_hal_uart.o
                0x0000000008008966                HAL_UART_Transmit
 .text.HAL_UART_Receive_DMA
                0x0000000008008a8a       0x60 Drivers/STM32F4xx_HAL_Driver/Src/stm32f4xx_hal_uart.o
                0x0000000008008a8a                HAL_UART_Receive_DMA
 *fill*         0x0000000008008aea        0x2 
 .text.HAL_UART_IRQHandler
                0x0000000008008aec      0x358 Drivers/STM32F4xx_HAL_Driver/Src/stm32f4xx_hal_uart.o
                0x0000000008008aec                HAL_UART_IRQHandler
 .text.HAL_UART_TxCpltCallback
                0x0000000008008e44       0x14 Drivers/STM32F4xx_HAL_Driver/Src/stm32f4xx_hal_uart.o
                0x0000000008008e44                HAL_UART_TxCpltCallback
 .text.HAL_UART_RxCpltCallback
                0x0000000008008e58       0x14 Drivers/STM32F4xx_HAL_Driver/Src/stm32f4xx_hal_uart.o
                0x0000000008008e58                HAL_UART_RxCpltCallback
 .text.HAL_UART_RxHalfCpltCallback
                0x0000000008008e6c       0x14 Drivers/STM32F4xx_HAL_Driver/Src/stm32f4xx_hal_uart.o
                0x0000000008008e6c                HAL_UART_RxHalfCpltCallback
 .text.HAL_UART_ErrorCallback
                0x0000000008008e80       0x14 Drivers/STM32F4xx_HAL_Driver/Src/stm32f4xx_hal_uart.o
                0x0000000008008e80                HAL_UART_ErrorCallback
 .text.HAL_UARTEx_RxEventCallback
                0x0000000008008e94       0x18 Drivers/STM32F4xx_HAL_Driver/Src/stm32f4xx_hal_uart.o
                0x0000000008008e94                HAL_UARTEx_RxEventCallback
 .text.UART_DMAReceiveCplt
                0x0000000008008eac       0x96 Drivers/STM32F4xx_HAL_Driver/Src/stm32f4xx_hal_uart.o
 .text.UART_DMARxHalfCplt
                0x0000000008008f42       0x36 Drivers/STM32F4xx_HAL_Driver/Src/stm32f4xx_hal_uart.o
 .text.UART_DMAError
                0x0000000008008f78       0x94 Drivers/STM32F4xx_HAL_Driver/Src/stm32f4xx_hal_uart.o
 .text.UART_WaitOnFlagUntilTimeout
                0x000000000800900c       0x94 Drivers/STM32F4xx_HAL_Driver/Src/stm32f4xx_hal_uart.o
 .text.UART_Start_Receive_DMA
                0x00000000080090a0       0xc8 Drivers/STM32F4xx_HAL_Driver/Src/stm32f4xx_hal_uart.o
                0x00000000080090a0                UART_Start_Receive_DMA
 .text.UART_EndTxTransfer
                0x0000000008009168       0x2c Drivers/STM32F4xx_HAL_Driver/Src/stm32f4xx_hal_uart.o
 .text.UART_EndRxTransfer
                0x0000000008009194       0x5a Drivers/STM32F4xx_HAL_Driver/Src/stm32f4xx_hal_uart.o
 .text.UART_DMAAbortOnError
                0x00000000080091ee       0x28 Drivers/STM32F4xx_HAL_Driver/Src/stm32f4xx_hal_uart.o
 .text.UART_Transmit_IT
                0x0000000008009216       0xa0 Drivers/STM32F4xx_HAL_Driver/Src/stm32f4xx_hal_uart.o
 .text.UART_EndTransmit_IT
                0x00000000080092b6       0x30 Drivers/STM32F4xx_HAL_Driver/Src/stm32f4xx_hal_uart.o
 .text.UART_Receive_IT
                0x00000000080092e6      0x12e Drivers/STM32F4xx_HAL_Driver/Src/stm32f4xx_hal_uart.o
 .text.UART_SetConfig
                0x0000000008009414      0x390 Drivers/STM32F4xx_HAL_Driver/Src/stm32f4xx_hal_uart.o
 .text.__libc_init_array
                0x00000000080097a4       0x48 /opt/st/stm32cubeide_1.6.1/plugins/com.st.stm32cube.ide.mcu.externaltools.gnu-tools-for-stm32.9-2020-q2-update.linux64_1.5.0.202011040924/tools/bin/../lib/gcc/arm-none-eabi/9.3.1/../../../../arm-none-eabi/lib/thumb/v7e-m+fp/hard/libc_nano.a(lib_a-init.o)
                0x00000000080097a4                __libc_init_array
 .text.memset   0x00000000080097ec       0x10 /opt/st/stm32cubeide_1.6.1/plugins/com.st.stm32cube.ide.mcu.externaltools.gnu-tools-for-stm32.9-2020-q2-update.linux64_1.5.0.202011040924/tools/bin/../lib/gcc/arm-none-eabi/9.3.1/../../../../arm-none-eabi/lib/thumb/v7e-m+fp/hard/libc_nano.a(lib_a-memset.o)
                0x00000000080097ec                memset
 *(.glue_7)
 .glue_7        0x00000000080097fc        0x0 linker stubs
 *(.glue_7t)
 .glue_7t       0x00000000080097fc        0x0 linker stubs
 *(.eh_frame)
 .eh_frame      0x00000000080097fc        0x0 /opt/st/stm32cubeide_1.6.1/plugins/com.st.stm32cube.ide.mcu.externaltools.gnu-tools-for-stm32.9-2020-q2-update.linux64_1.5.0.202011040924/tools/bin/../lib/gcc/arm-none-eabi/9.3.1/thumb/v7e-m+fp/hard/crtbegin.o
 *(.init)
 .init          0x00000000080097fc        0x4 /opt/st/stm32cubeide_1.6.1/plugins/com.st.stm32cube.ide.mcu.externaltools.gnu-tools-for-stm32.9-2020-q2-update.linux64_1.5.0.202011040924/tools/bin/../lib/gcc/arm-none-eabi/9.3.1/thumb/v7e-m+fp/hard/crti.o
                0x00000000080097fc                _init
 .init          0x0000000008009800        0x8 /opt/st/stm32cubeide_1.6.1/plugins/com.st.stm32cube.ide.mcu.externaltools.gnu-tools-for-stm32.9-2020-q2-update.linux64_1.5.0.202011040924/tools/bin/../lib/gcc/arm-none-eabi/9.3.1/thumb/v7e-m+fp/hard/crtn.o
 *(.fini)
 .fini          0x0000000008009808        0x4 /opt/st/stm32cubeide_1.6.1/plugins/com.st.stm32cube.ide.mcu.externaltools.gnu-tools-for-stm32.9-2020-q2-update.linux64_1.5.0.202011040924/tools/bin/../lib/gcc/arm-none-eabi/9.3.1/thumb/v7e-m+fp/hard/crti.o
                0x0000000008009808                _fini
 .fini          0x000000000800980c        0x8 /opt/st/stm32cubeide_1.6.1/plugins/com.st.stm32cube.ide.mcu.externaltools.gnu-tools-for-stm32.9-2020-q2-update.linux64_1.5.0.202011040924/tools/bin/../lib/gcc/arm-none-eabi/9.3.1/thumb/v7e-m+fp/hard/crtn.o
                0x0000000008009814                . = ALIGN (0x4)
                0x0000000008009814                _etext = .

.vfp11_veneer   0x0000000008009814        0x0
 .vfp11_veneer  0x0000000008009814        0x0 linker stubs

.v4_bx          0x0000000008009814        0x0
 .v4_bx         0x0000000008009814        0x0 linker stubs

.iplt           0x0000000008009814        0x0
 .iplt          0x0000000008009814        0x0 /opt/st/stm32cubeide_1.6.1/plugins/com.st.stm32cube.ide.mcu.externaltools.gnu-tools-for-stm32.9-2020-q2-update.linux64_1.5.0.202011040924/tools/bin/../lib/gcc/arm-none-eabi/9.3.1/thumb/v7e-m+fp/hard/crtbegin.o

.rodata         0x0000000008009814     0x10b0
                0x0000000008009814                . = ALIGN (0x4)
 *(.rodata)
 .rodata        0x0000000008009814       0x60 Core/Src/new_hope/randombytes.o
 *(.rodata*)
 .rodata.AHBPrescTable
                0x0000000008009874       0x10 Core/Src/system_stm32f4xx.o
                0x0000000008009874                AHBPrescTable
 .rodata.APBPrescTable
                0x0000000008009884        0x8 Core/Src/system_stm32f4xx.o
                0x0000000008009884                APBPrescTable
 .rodata.key_stored
                0x000000000800988c       0x20 Core/Src/new_hope/client.o
                0x000000000800988c                key_stored
 .rodata.sigma  0x00000000080098ac       0x10 Core/Src/new_hope/crypto_stream_chacha20.o
 .rodata.omegas_montgomery
                0x00000000080098bc      0x400 Core/Src/new_hope/poly.o
                0x00000000080098bc                omegas_montgomery
 .rodata.omegas_inv_montgomery
                0x0000000008009cbc      0x400 Core/Src/new_hope/poly.o
                0x0000000008009cbc                omegas_inv_montgomery
 .rodata.psis_inv_montgomery
                0x000000000800a0bc      0x800 Core/Src/new_hope/poly.o
                0x000000000800a0bc                psis_inv_montgomery
 .rodata.flagBitshiftOffset.7698
                0x000000000800a8bc        0x8 Drivers/STM32F4xx_HAL_Driver/Src/stm32f4xx_hal_dma.o
                0x000000000800a8c4                . = ALIGN (0x4)

.ARM.extab      0x000000000800a8c4        0x0
                0x000000000800a8c4                . = ALIGN (0x4)
 *(.ARM.extab* .gnu.linkonce.armextab.*)
                0x000000000800a8c4                . = ALIGN (0x4)

.ARM            0x000000000800a8c4        0x8
                0x000000000800a8c4                . = ALIGN (0x4)
                0x000000000800a8c4                __exidx_start = .
 *(.ARM.exidx*)
 .ARM.exidx     0x000000000800a8c4        0x8 /opt/st/stm32cubeide_1.6.1/plugins/com.st.stm32cube.ide.mcu.externaltools.gnu-tools-for-stm32.9-2020-q2-update.linux64_1.5.0.202011040924/tools/bin/../lib/gcc/arm-none-eabi/9.3.1/thumb/v7e-m+fp/hard/libgcc.a(_udivmoddi4.o)
                0x000000000800a8cc                __exidx_end = .
                0x000000000800a8cc                . = ALIGN (0x4)

.rel.dyn        0x000000000800a8cc        0x0
 .rel.iplt      0x000000000800a8cc        0x0 /opt/st/stm32cubeide_1.6.1/plugins/com.st.stm32cube.ide.mcu.externaltools.gnu-tools-for-stm32.9-2020-q2-update.linux64_1.5.0.202011040924/tools/bin/../lib/gcc/arm-none-eabi/9.3.1/thumb/v7e-m+fp/hard/crtbegin.o

.preinit_array  0x000000000800a8cc        0x0
                0x000000000800a8cc                . = ALIGN (0x4)
                0x000000000800a8cc                PROVIDE (__preinit_array_start = .)
 *(.preinit_array*)
                0x000000000800a8cc                PROVIDE (__preinit_array_end = .)
                0x000000000800a8cc                . = ALIGN (0x4)

.init_array     0x000000000800a8cc        0x4
                0x000000000800a8cc                . = ALIGN (0x4)
                0x000000000800a8cc                PROVIDE (__init_array_start = .)
 *(SORT_BY_NAME(.init_array.*))
 *(.init_array*)
 .init_array    0x000000000800a8cc        0x4 /opt/st/stm32cubeide_1.6.1/plugins/com.st.stm32cube.ide.mcu.externaltools.gnu-tools-for-stm32.9-2020-q2-update.linux64_1.5.0.202011040924/tools/bin/../lib/gcc/arm-none-eabi/9.3.1/thumb/v7e-m+fp/hard/crtbegin.o
                0x000000000800a8d0                PROVIDE (__init_array_end = .)
                0x000000000800a8d0                . = ALIGN (0x4)

.fini_array     0x000000000800a8d0        0x4
                0x000000000800a8d0                . = ALIGN (0x4)
                [!provide]                        PROVIDE (__fini_array_start = .)
 *(SORT_BY_NAME(.fini_array.*))
 *(.fini_array*)
 .fini_array    0x000000000800a8d0        0x4 /opt/st/stm32cubeide_1.6.1/plugins/com.st.stm32cube.ide.mcu.externaltools.gnu-tools-for-stm32.9-2020-q2-update.linux64_1.5.0.202011040924/tools/bin/../lib/gcc/arm-none-eabi/9.3.1/thumb/v7e-m+fp/hard/crtbegin.o
                [!provide]                        PROVIDE (__fini_array_end = .)
                0x000000000800a8d4                . = ALIGN (0x4)
                0x000000000800a8d4                _sidata = LOADADDR (.data)

.data           0x0000000020000000      0x80c load address 0x000000000800a8d4
                0x0000000020000000                . = ALIGN (0x4)
                0x0000000020000000                _sdata = .
 *(.data)
 *(.data*)
 .data.SystemCoreClock
                0x0000000020000000        0x4 Core/Src/system_stm32f4xx.o
                0x0000000020000000                SystemCoreClock
 .data.bitrev_table
                0x0000000020000004      0x800 Core/Src/new_hope/ntt.o
 .data.uwTickPrio
                0x0000000020000804        0x4 Drivers/STM32F4xx_HAL_Driver/Src/stm32f4xx_hal.o
                0x0000000020000804                uwTickPrio
 .data.uwTickFreq
                0x0000000020000808        0x1 Drivers/STM32F4xx_HAL_Driver/Src/stm32f4xx_hal.o
                0x0000000020000808                uwTickFreq
 *(.RamFunc)
 *(.RamFunc*)
                0x000000002000080c                . = ALIGN (0x4)
 *fill*         0x0000000020000809        0x3 
                0x000000002000080c                _edata = .

.igot.plt       0x000000002000080c        0x0 load address 0x000000000800b0e0
 .igot.plt      0x000000002000080c        0x0 /opt/st/stm32cubeide_1.6.1/plugins/com.st.stm32cube.ide.mcu.externaltools.gnu-tools-for-stm32.9-2020-q2-update.linux64_1.5.0.202011040924/tools/bin/../lib/gcc/arm-none-eabi/9.3.1/thumb/v7e-m+fp/hard/crtbegin.o
                0x000000002000080c                . = ALIGN (0x4)

.bss            0x000000002000080c      0x124 load address 0x000000000800b0e0
                0x000000002000080c                _sbss = .
                0x000000002000080c                __bss_start__ = _sbss
 *(.bss)
 .bss           0x000000002000080c       0x1c /opt/st/stm32cubeide_1.6.1/plugins/com.st.stm32cube.ide.mcu.externaltools.gnu-tools-for-stm32.9-2020-q2-update.linux64_1.5.0.202011040924/tools/bin/../lib/gcc/arm-none-eabi/9.3.1/thumb/v7e-m+fp/hard/crtbegin.o
 *(.bss*)
 *(COMMON)
 COMMON         0x0000000020000828      0x104 Core/Src/main.o
                0x0000000020000828                hdma_usart1_tx
                0x0000000020000888                hdma_usart1_rx
                0x00000000200008e8                huart1
 COMMON         0x000000002000092c        0x4 Drivers/STM32F4xx_HAL_Driver/Src/stm32f4xx_hal.o
                0x000000002000092c                uwTick
                0x0000000020000930                . = ALIGN (0x4)
                0x0000000020000930                _ebss = .
                0x0000000020000930                __bss_end__ = _ebss

._user_heap_stack
                0x0000000020000930      0x600 load address 0x000000000800b0e0
                0x0000000020000930                . = ALIGN (0x8)
                [!provide]                        PROVIDE (end = .)
                0x0000000020000930                PROVIDE (_end = .)
                0x0000000020000b30                . = (. + _Min_Heap_Size)
 *fill*         0x0000000020000930      0x200 
                0x0000000020000f30                . = (. + _Min_Stack_Size)
 *fill*         0x0000000020000b30      0x400 
                0x0000000020000f30                . = ALIGN (0x8)

/DISCARD/
 libc.a(*)
 libm.a(*)
 libgcc.a(*)

.ARM.attributes
                0x0000000000000000       0x30
 *(.ARM.attributes)
 .ARM.attributes
                0x0000000000000000       0x1e /opt/st/stm32cubeide_1.6.1/plugins/com.st.stm32cube.ide.mcu.externaltools.gnu-tools-for-stm32.9-2020-q2-update.linux64_1.5.0.202011040924/tools/bin/../lib/gcc/arm-none-eabi/9.3.1/thumb/v7e-m+fp/hard/crti.o
 .ARM.attributes
                0x000000000000001e       0x34 /opt/st/stm32cubeide_1.6.1/plugins/com.st.stm32cube.ide.mcu.externaltools.gnu-tools-for-stm32.9-2020-q2-update.linux64_1.5.0.202011040924/tools/bin/../lib/gcc/arm-none-eabi/9.3.1/thumb/v7e-m+fp/hard/crtbegin.o
 .ARM.attributes
                0x0000000000000052       0x34 Core/Src/main.o
 .ARM.attributes
                0x0000000000000086       0x34 Core/Src/stm32f4xx_hal_msp.o
 .ARM.attributes
                0x00000000000000ba       0x34 Core/Src/stm32f4xx_it.o
 .ARM.attributes
                0x00000000000000ee       0x34 Core/Src/system_stm32f4xx.o
 .ARM.attributes
                0x0000000000000122       0x20 Core/Src/new_hope/asm_KeccakF-1600.o
 .ARM.attributes
                0x0000000000000142       0x20 Core/Src/new_hope/asm_chacha.o
 .ARM.attributes
                0x0000000000000162       0x20 Core/Src/new_hope/asm_ec.o
 .ARM.attributes
                0x0000000000000182       0x20 Core/Src/new_hope/asm_ntt.o
 .ARM.attributes
                0x00000000000001a2       0x20 Core/Src/new_hope/asm_poly.o
 .ARM.attributes
                0x00000000000001c2       0x34 Core/Src/new_hope/client.o
 .ARM.attributes
                0x00000000000001f6       0x34 Core/Src/new_hope/crypto_stream_chacha20.o
 .ARM.attributes
                0x000000000000022a       0x34 Core/Src/new_hope/error_correction.o
 .ARM.attributes
                0x000000000000025e       0x34 Core/Src/new_hope/fips202.o
 .ARM.attributes
                0x0000000000000292       0x34 Core/Src/new_hope/newhope.o
 .ARM.attributes
                0x00000000000002c6       0x34 Core/Src/new_hope/ntt.o
 .ARM.attributes
                0x00000000000002fa       0x34 Core/Src/new_hope/poly.o
 .ARM.attributes
                0x000000000000032e       0x34 Core/Src/new_hope/randombytes.o
 .ARM.attributes
                0x0000000000000362       0x34 Core/Src/new_hope/reduce.o
 .ARM.attributes
                0x0000000000000396       0x34 Core/Src/new_hope/stm32f0_wrapper.o
 .ARM.attributes
                0x00000000000003ca       0x21 Core/Startup/startup_stm32f405rgtx.o
 .ARM.attributes
                0x00000000000003eb       0x34 Drivers/STM32F4xx_HAL_Driver/Src/stm32f4xx_hal.o
 .ARM.attributes
                0x000000000000041f       0x34 Drivers/STM32F4xx_HAL_Driver/Src/stm32f4xx_hal_cortex.o
 .ARM.attributes
                0x0000000000000453       0x34 Drivers/STM32F4xx_HAL_Driver/Src/stm32f4xx_hal_dma.o
 .ARM.attributes
                0x0000000000000487       0x34 Drivers/STM32F4xx_HAL_Driver/Src/stm32f4xx_hal_gpio.o
 .ARM.attributes
                0x00000000000004bb       0x34 Drivers/STM32F4xx_HAL_Driver/Src/stm32f4xx_hal_rcc.o
 .ARM.attributes
                0x00000000000004ef       0x34 Drivers/STM32F4xx_HAL_Driver/Src/stm32f4xx_hal_uart.o
 .ARM.attributes
                0x0000000000000523       0x34 /opt/st/stm32cubeide_1.6.1/plugins/com.st.stm32cube.ide.mcu.externaltools.gnu-tools-for-stm32.9-2020-q2-update.linux64_1.5.0.202011040924/tools/bin/../lib/gcc/arm-none-eabi/9.3.1/../../../../arm-none-eabi/lib/thumb/v7e-m+fp/hard/libc_nano.a(lib_a-init.o)
 .ARM.attributes
                0x0000000000000557       0x34 /opt/st/stm32cubeide_1.6.1/plugins/com.st.stm32cube.ide.mcu.externaltools.gnu-tools-for-stm32.9-2020-q2-update.linux64_1.5.0.202011040924/tools/bin/../lib/gcc/arm-none-eabi/9.3.1/../../../../arm-none-eabi/lib/thumb/v7e-m+fp/hard/libc_nano.a(lib_a-memset.o)
 .ARM.attributes
                0x000000000000058b       0x1e /opt/st/stm32cubeide_1.6.1/plugins/com.st.stm32cube.ide.mcu.externaltools.gnu-tools-for-stm32.9-2020-q2-update.linux64_1.5.0.202011040924/tools/bin/../lib/gcc/arm-none-eabi/9.3.1/thumb/v7e-m+fp/hard/libgcc.a(_aeabi_uldivmod.o)
 .ARM.attributes
                0x00000000000005a9       0x34 /opt/st/stm32cubeide_1.6.1/plugins/com.st.stm32cube.ide.mcu.externaltools.gnu-tools-for-stm32.9-2020-q2-update.linux64_1.5.0.202011040924/tools/bin/../lib/gcc/arm-none-eabi/9.3.1/thumb/v7e-m+fp/hard/libgcc.a(_udivmoddi4.o)
 .ARM.attributes
                0x00000000000005dd       0x1e /opt/st/stm32cubeide_1.6.1/plugins/com.st.stm32cube.ide.mcu.externaltools.gnu-tools-for-stm32.9-2020-q2-update.linux64_1.5.0.202011040924/tools/bin/../lib/gcc/arm-none-eabi/9.3.1/thumb/v7e-m+fp/hard/libgcc.a(_dvmd_tls.o)
 .ARM.attributes
                0x00000000000005fb       0x1e /opt/st/stm32cubeide_1.6.1/plugins/com.st.stm32cube.ide.mcu.externaltools.gnu-tools-for-stm32.9-2020-q2-update.linux64_1.5.0.202011040924/tools/bin/../lib/gcc/arm-none-eabi/9.3.1/thumb/v7e-m+fp/hard/crtn.o
OUTPUT(new_hope_sca_client.elf elf32-littlearm)
LOAD linker stubs
LOAD /opt/st/stm32cubeide_1.6.1/plugins/com.st.stm32cube.ide.mcu.externaltools.gnu-tools-for-stm32.9-2020-q2-update.linux64_1.5.0.202011040924/tools/bin/../lib/gcc/arm-none-eabi/9.3.1/../../../../arm-none-eabi/lib/thumb/v7e-m+fp/hard/libc.a
LOAD /opt/st/stm32cubeide_1.6.1/plugins/com.st.stm32cube.ide.mcu.externaltools.gnu-tools-for-stm32.9-2020-q2-update.linux64_1.5.0.202011040924/tools/bin/../lib/gcc/arm-none-eabi/9.3.1/../../../../arm-none-eabi/lib/thumb/v7e-m+fp/hard/libm.a
LOAD /opt/st/stm32cubeide_1.6.1/plugins/com.st.stm32cube.ide.mcu.externaltools.gnu-tools-for-stm32.9-2020-q2-update.linux64_1.5.0.202011040924/tools/bin/../lib/gcc/arm-none-eabi/9.3.1/thumb/v7e-m+fp/hard/libgcc.a

.debug_info     0x0000000000000000     0xb448
 .debug_info    0x0000000000000000      0xd20 Core/Src/main.o
 .debug_info    0x0000000000000d20      0xc4c Core/Src/stm32f4xx_hal_msp.o
 .debug_info    0x000000000000196c      0x749 Core/Src/stm32f4xx_it.o
 .debug_info    0x00000000000020b5      0x5a4 Core/Src/system_stm32f4xx.o
 .debug_info    0x0000000000002659       0x26 Core/Src/new_hope/asm_KeccakF-1600.o
 .debug_info    0x000000000000267f       0x26 Core/Src/new_hope/asm_chacha.o
 .debug_info    0x00000000000026a5       0x26 Core/Src/new_hope/asm_ec.o
 .debug_info    0x00000000000026cb       0x26 Core/Src/new_hope/asm_ntt.o
 .debug_info    0x00000000000026f1       0x26 Core/Src/new_hope/asm_poly.o
 .debug_info    0x0000000000002717      0xb45 Core/Src/new_hope/client.o
 .debug_info    0x000000000000325c      0x260 Core/Src/new_hope/crypto_stream_chacha20.o
 .debug_info    0x00000000000034bc      0xaf7 Core/Src/new_hope/error_correction.o
 .debug_info    0x0000000000003fb3      0x2d9 Core/Src/new_hope/fips202.o
 .debug_info    0x000000000000428c      0xcac Core/Src/new_hope/newhope.o
 .debug_info    0x0000000000004f38      0x145 Core/Src/new_hope/ntt.o
 .debug_info    0x000000000000507d      0x553 Core/Src/new_hope/poly.o
 .debug_info    0x00000000000055d0      0xa12 Core/Src/new_hope/randombytes.o
 .debug_info    0x0000000000005fe2      0x12f Core/Src/new_hope/reduce.o
 .debug_info    0x0000000000006111      0x886 Core/Src/new_hope/stm32f0_wrapper.o
 .debug_info    0x0000000000006997       0x22 Core/Startup/startup_stm32f405rgtx.o
 .debug_info    0x00000000000069b9      0x9a0 Drivers/STM32F4xx_HAL_Driver/Src/stm32f4xx_hal.o
 .debug_info    0x0000000000007359      0xec5 Drivers/STM32F4xx_HAL_Driver/Src/stm32f4xx_hal_cortex.o
 .debug_info    0x000000000000821e      0x9f1 Drivers/STM32F4xx_HAL_Driver/Src/stm32f4xx_hal_dma.o
 .debug_info    0x0000000000008c0f      0x83e Drivers/STM32F4xx_HAL_Driver/Src/stm32f4xx_hal_gpio.o
 .debug_info    0x000000000000944d      0x996 Drivers/STM32F4xx_HAL_Driver/Src/stm32f4xx_hal_rcc.o
 .debug_info    0x0000000000009de3     0x1665 Drivers/STM32F4xx_HAL_Driver/Src/stm32f4xx_hal_uart.o

.debug_abbrev   0x0000000000000000     0x24f6
 .debug_abbrev  0x0000000000000000      0x25d Core/Src/main.o
 .debug_abbrev  0x000000000000025d      0x1b5 Core/Src/stm32f4xx_hal_msp.o
 .debug_abbrev  0x0000000000000412      0x163 Core/Src/stm32f4xx_it.o
 .debug_abbrev  0x0000000000000575      0x145 Core/Src/system_stm32f4xx.o
 .debug_abbrev  0x00000000000006ba       0x14 Core/Src/new_hope/asm_KeccakF-1600.o
 .debug_abbrev  0x00000000000006ce       0x14 Core/Src/new_hope/asm_chacha.o
 .debug_abbrev  0x00000000000006e2       0x14 Core/Src/new_hope/asm_ec.o
 .debug_abbrev  0x00000000000006f6       0x14 Core/Src/new_hope/asm_ntt.o
 .debug_abbrev  0x000000000000070a       0x14 Core/Src/new_hope/asm_poly.o
 .debug_abbrev  0x000000000000071e      0x23a Core/Src/new_hope/client.o
 .debug_abbrev  0x0000000000000958      0x110 Core/Src/new_hope/crypto_stream_chacha20.o
 .debug_abbrev  0x0000000000000a68      0x22b Core/Src/new_hope/error_correction.o
 .debug_abbrev  0x0000000000000c93       0xdf Core/Src/new_hope/fips202.o
 .debug_abbrev  0x0000000000000d72      0x238 Core/Src/new_hope/newhope.o
 .debug_abbrev  0x0000000000000faa       0xc5 Core/Src/new_hope/ntt.o
 .debug_abbrev  0x000000000000106f      0x187 Core/Src/new_hope/poly.o
 .debug_abbrev  0x00000000000011f6      0x1d0 Core/Src/new_hope/randombytes.o
 .debug_abbrev  0x00000000000013c6       0xb0 Core/Src/new_hope/reduce.o
 .debug_abbrev  0x0000000000001476      0x1fb Core/Src/new_hope/stm32f0_wrapper.o
 .debug_abbrev  0x0000000000001671       0x12 Core/Startup/startup_stm32f405rgtx.o
 .debug_abbrev  0x0000000000001683      0x1ed Drivers/STM32F4xx_HAL_Driver/Src/stm32f4xx_hal.o
 .debug_abbrev  0x0000000000001870      0x33c Drivers/STM32F4xx_HAL_Driver/Src/stm32f4xx_hal_cortex.o
 .debug_abbrev  0x0000000000001bac      0x259 Drivers/STM32F4xx_HAL_Driver/Src/stm32f4xx_hal_dma.o
 .debug_abbrev  0x0000000000001e05      0x1f1 Drivers/STM32F4xx_HAL_Driver/Src/stm32f4xx_hal_gpio.o
 .debug_abbrev  0x0000000000001ff6      0x275 Drivers/STM32F4xx_HAL_Driver/Src/stm32f4xx_hal_rcc.o
 .debug_abbrev  0x000000000000226b      0x28b Drivers/STM32F4xx_HAL_Driver/Src/stm32f4xx_hal_uart.o

.debug_aranges  0x0000000000000000      0x9a0
 .debug_aranges
                0x0000000000000000       0x48 Core/Src/main.o
 .debug_aranges
                0x0000000000000048       0x30 Core/Src/stm32f4xx_hal_msp.o
 .debug_aranges
                0x0000000000000078       0x78 Core/Src/stm32f4xx_it.o
 .debug_aranges
                0x00000000000000f0       0x28 Core/Src/system_stm32f4xx.o
 .debug_aranges
                0x0000000000000118       0x20 Core/Src/new_hope/asm_KeccakF-1600.o
 .debug_aranges
                0x0000000000000138       0x20 Core/Src/new_hope/asm_chacha.o
 .debug_aranges
                0x0000000000000158       0x20 Core/Src/new_hope/asm_ec.o
 .debug_aranges
                0x0000000000000178       0x20 Core/Src/new_hope/asm_ntt.o
 .debug_aranges
                0x0000000000000198       0x20 Core/Src/new_hope/asm_poly.o
 .debug_aranges
                0x00000000000001b8       0x38 Core/Src/new_hope/client.o
 .debug_aranges
                0x00000000000001f0       0x28 Core/Src/new_hope/crypto_stream_chacha20.o
 .debug_aranges
                0x0000000000000218       0x20 Core/Src/new_hope/error_correction.o
 .debug_aranges
                0x0000000000000238       0x48 Core/Src/new_hope/fips202.o
 .debug_aranges
                0x0000000000000280       0x68 Core/Src/new_hope/newhope.o
 .debug_aranges
                0x00000000000002e8       0x20 Core/Src/new_hope/ntt.o
 .debug_aranges
                0x0000000000000308       0x60 Core/Src/new_hope/poly.o
 .debug_aranges
                0x0000000000000368       0x20 Core/Src/new_hope/randombytes.o
 .debug_aranges
                0x0000000000000388       0x28 Core/Src/new_hope/reduce.o
 .debug_aranges
                0x00000000000003b0       0x50 Core/Src/new_hope/stm32f0_wrapper.o
 .debug_aranges
                0x0000000000000400       0x28 Core/Startup/startup_stm32f405rgtx.o
 .debug_aranges
                0x0000000000000428       0xf0 Drivers/STM32F4xx_HAL_Driver/Src/stm32f4xx_hal.o
 .debug_aranges
                0x0000000000000518      0x118 Drivers/STM32F4xx_HAL_Driver/Src/stm32f4xx_hal_cortex.o
 .debug_aranges
                0x0000000000000630       0x90 Drivers/STM32F4xx_HAL_Driver/Src/stm32f4xx_hal_dma.o
 .debug_aranges
                0x00000000000006c0       0x58 Drivers/STM32F4xx_HAL_Driver/Src/stm32f4xx_hal_gpio.o
 .debug_aranges
                0x0000000000000718       0x88 Drivers/STM32F4xx_HAL_Driver/Src/stm32f4xx_hal_rcc.o
 .debug_aranges
                0x00000000000007a0      0x200 Drivers/STM32F4xx_HAL_Driver/Src/stm32f4xx_hal_uart.o

.debug_ranges   0x0000000000000000      0x7e8
 .debug_ranges  0x0000000000000000       0x38 Core/Src/main.o
 .debug_ranges  0x0000000000000038       0x20 Core/Src/stm32f4xx_hal_msp.o
 .debug_ranges  0x0000000000000058       0x68 Core/Src/stm32f4xx_it.o
 .debug_ranges  0x00000000000000c0       0x18 Core/Src/system_stm32f4xx.o
 .debug_ranges  0x00000000000000d8       0x28 Core/Src/new_hope/client.o
 .debug_ranges  0x0000000000000100       0x18 Core/Src/new_hope/crypto_stream_chacha20.o
 .debug_ranges  0x0000000000000118       0x10 Core/Src/new_hope/error_correction.o
 .debug_ranges  0x0000000000000128       0x38 Core/Src/new_hope/fips202.o
 .debug_ranges  0x0000000000000160       0x58 Core/Src/new_hope/newhope.o
 .debug_ranges  0x00000000000001b8       0x10 Core/Src/new_hope/ntt.o
 .debug_ranges  0x00000000000001c8       0x50 Core/Src/new_hope/poly.o
 .debug_ranges  0x0000000000000218       0x10 Core/Src/new_hope/randombytes.o
 .debug_ranges  0x0000000000000228       0x18 Core/Src/new_hope/reduce.o
 .debug_ranges  0x0000000000000240       0x40 Core/Src/new_hope/stm32f0_wrapper.o
 .debug_ranges  0x0000000000000280       0x20 Core/Startup/startup_stm32f405rgtx.o
 .debug_ranges  0x00000000000002a0       0xe0 Drivers/STM32F4xx_HAL_Driver/Src/stm32f4xx_hal.o
 .debug_ranges  0x0000000000000380      0x108 Drivers/STM32F4xx_HAL_Driver/Src/stm32f4xx_hal_cortex.o
 .debug_ranges  0x0000000000000488       0x80 Drivers/STM32F4xx_HAL_Driver/Src/stm32f4xx_hal_dma.o
 .debug_ranges  0x0000000000000508       0x48 Drivers/STM32F4xx_HAL_Driver/Src/stm32f4xx_hal_gpio.o
 .debug_ranges  0x0000000000000550       0x78 Drivers/STM32F4xx_HAL_Driver/Src/stm32f4xx_hal_rcc.o
 .debug_ranges  0x00000000000005c8      0x220 Drivers/STM32F4xx_HAL_Driver/Src/stm32f4xx_hal_uart.o

.debug_macro    0x0000000000000000    0x1f342
 .debug_macro   0x0000000000000000      0x1c4 Core/Src/main.o
 .debug_macro   0x00000000000001c4      0xaa8 Core/Src/main.o
 .debug_macro   0x0000000000000c6c      0x295 Core/Src/main.o
 .debug_macro   0x0000000000000f01       0x2e Core/Src/main.o
 .debug_macro   0x0000000000000f2f       0x2f Core/Src/main.o
 .debug_macro   0x0000000000000f5e       0x22 Core/Src/main.o
 .debug_macro   0x0000000000000f80       0x8e Core/Src/main.o
 .debug_macro   0x000000000000100e       0x51 Core/Src/main.o
 .debug_macro   0x000000000000105f      0x103 Core/Src/main.o
 .debug_macro   0x0000000000001162       0x6a Core/Src/main.o
 .debug_macro   0x00000000000011cc      0x1df Core/Src/main.o
 .debug_macro   0x00000000000013ab       0x1c Core/Src/main.o
 .debug_macro   0x00000000000013c7       0x22 Core/Src/main.o
 .debug_macro   0x00000000000013e9       0xdf Core/Src/main.o
 .debug_macro   0x00000000000014c8     0x102d Core/Src/main.o
 .debug_macro   0x00000000000024f5      0x11f Core/Src/main.o
 .debug_macro   0x0000000000002614    0x14251 Core/Src/main.o
 .debug_macro   0x0000000000016865       0x43 Core/Src/main.o
 .debug_macro   0x00000000000168a8     0x3659 Core/Src/main.o
 .debug_macro   0x0000000000019f01      0x174 Core/Src/main.o
 .debug_macro   0x000000000001a075       0x5c Core/Src/main.o
 .debug_macro   0x000000000001a0d1      0x8a7 Core/Src/main.o
 .debug_macro   0x000000000001a978      0x9fe Core/Src/main.o
 .debug_macro   0x000000000001b376      0x117 Core/Src/main.o
 .debug_macro   0x000000000001b48d      0x130 Core/Src/main.o
 .debug_macro   0x000000000001b5bd       0x82 Core/Src/main.o
 .debug_macro   0x000000000001b63f      0x174 Core/Src/main.o
 .debug_macro   0x000000000001b7b3      0x287 Core/Src/main.o
 .debug_macro   0x000000000001ba3a       0x5f Core/Src/main.o
 .debug_macro   0x000000000001ba99      0x236 Core/Src/main.o
 .debug_macro   0x000000000001bccf      0x12c Core/Src/main.o
 .debug_macro   0x000000000001bdfb      0x21e Core/Src/main.o
 .debug_macro   0x000000000001c019       0x2e Core/Src/main.o
 .debug_macro   0x000000000001c047      0x11a Core/Src/main.o
 .debug_macro   0x000000000001c161       0x7e Core/Src/main.o
 .debug_macro   0x000000000001c1df       0x89 Core/Src/main.o
 .debug_macro   0x000000000001c268      0x295 Core/Src/main.o
 .debug_macro   0x000000000001c4fd      0x12d Core/Src/main.o
 .debug_macro   0x000000000001c62a      0x1c4 Core/Src/stm32f4xx_hal_msp.o
 .debug_macro   0x000000000001c7ee      0x1ce Core/Src/stm32f4xx_it.o
 .debug_macro   0x000000000001c9bc      0x1ba Core/Src/system_stm32f4xx.o
 .debug_macro   0x000000000001cb76      0x250 Core/Src/new_hope/client.o
 .debug_macro   0x000000000001cdc6       0x2e Core/Src/new_hope/client.o
 .debug_macro   0x000000000001cdf4       0x52 Core/Src/new_hope/client.o
 .debug_macro   0x000000000001ce46      0x1a9 Core/Src/new_hope/client.o
 .debug_macro   0x000000000001cfef       0x10 Core/Src/new_hope/client.o
 .debug_macro   0x000000000001cfff      0x460 Core/Src/new_hope/client.o
 .debug_macro   0x000000000001d45f       0x86 Core/Src/new_hope/crypto_stream_chacha20.o
 .debug_macro   0x000000000001d4e5      0x168 Core/Src/new_hope/error_correction.o
 .debug_macro   0x000000000001d64d       0x3a Core/Src/new_hope/error_correction.o
 .debug_macro   0x000000000001d687       0x82 Core/Src/new_hope/error_correction.o
 .debug_macro   0x000000000001d709      0x104 Core/Src/new_hope/error_correction.o
 .debug_macro   0x000000000001d80d       0x6c Core/Src/new_hope/fips202.o
 .debug_macro   0x000000000001d879       0x16 Core/Src/new_hope/fips202.o
 .debug_macro   0x000000000001d88f      0x24b Core/Src/new_hope/newhope.o
 .debug_macro   0x000000000001dada       0xcc Core/Src/new_hope/ntt.o
 .debug_macro   0x000000000001dba6      0x109 Core/Src/new_hope/poly.o
 .debug_macro   0x000000000001dcaf      0x1e9 Core/Src/new_hope/randombytes.o
 .debug_macro   0x000000000001de98      0x22a Core/Src/new_hope/randombytes.o
 .debug_macro   0x000000000001e0c2       0x10 Core/Src/new_hope/randombytes.o
 .debug_macro   0x000000000001e0d2       0x16 Core/Src/new_hope/randombytes.o
 .debug_macro   0x000000000001e0e8      0x51a Core/Src/new_hope/randombytes.o
 .debug_macro   0x000000000001e602       0x76 Core/Src/new_hope/reduce.o
 .debug_macro   0x000000000001e678      0x1dd Core/Src/new_hope/stm32f0_wrapper.o
 .debug_macro   0x000000000001e855      0x21a Drivers/STM32F4xx_HAL_Driver/Src/stm32f4xx_hal.o
 .debug_macro   0x000000000001ea6f      0x1ba Drivers/STM32F4xx_HAL_Driver/Src/stm32f4xx_hal_cortex.o
 .debug_macro   0x000000000001ec29      0x1c0 Drivers/STM32F4xx_HAL_Driver/Src/stm32f4xx_hal_dma.o
 .debug_macro   0x000000000001ede9      0x1c0 Drivers/STM32F4xx_HAL_Driver/Src/stm32f4xx_hal_gpio.o
 .debug_macro   0x000000000001efa9      0x1de Drivers/STM32F4xx_HAL_Driver/Src/stm32f4xx_hal_rcc.o
 .debug_macro   0x000000000001f187      0x1bb Drivers/STM32F4xx_HAL_Driver/Src/stm32f4xx_hal_uart.o

.debug_line     0x0000000000000000     0xccfe
 .debug_line    0x0000000000000000      0x74a Core/Src/main.o
 .debug_line    0x000000000000074a      0x710 Core/Src/stm32f4xx_hal_msp.o
 .debug_line    0x0000000000000e5a      0x77c Core/Src/stm32f4xx_it.o
 .debug_line    0x00000000000015d6      0x6f3 Core/Src/system_stm32f4xx.o
 .debug_line    0x0000000000001cc9      0x19b Core/Src/new_hope/asm_KeccakF-1600.o
 .debug_line    0x0000000000001e64      0x72d Core/Src/new_hope/asm_chacha.o
 .debug_line    0x0000000000002591      0x38f Core/Src/new_hope/asm_ec.o
 .debug_line    0x0000000000002920      0x25b Core/Src/new_hope/asm_ntt.o
 .debug_line    0x0000000000002b7b       0xb3 Core/Src/new_hope/asm_poly.o
 .debug_line    0x0000000000002c2e      0x7a1 Core/Src/new_hope/client.o
 .debug_line    0x00000000000033cf      0x532 Core/Src/new_hope/crypto_stream_chacha20.o
 .debug_line    0x0000000000003901      0x628 Core/Src/new_hope/error_correction.o
 .debug_line    0x0000000000003f29      0x4d5 Core/Src/new_hope/fips202.o
 .debug_line    0x00000000000043fe      0xba0 Core/Src/new_hope/newhope.o
 .debug_line    0x0000000000004f9e      0x4ed Core/Src/new_hope/ntt.o
 .debug_line    0x000000000000548b      0xfc9 Core/Src/new_hope/poly.o
 .debug_line    0x0000000000006454      0x642 Core/Src/new_hope/randombytes.o
 .debug_line    0x0000000000006a96      0x3dc Core/Src/new_hope/reduce.o
 .debug_line    0x0000000000006e72      0x81e Core/Src/new_hope/stm32f0_wrapper.o
 .debug_line    0x0000000000007690       0x88 Core/Startup/startup_stm32f405rgtx.o
 .debug_line    0x0000000000007718      0x959 Drivers/STM32F4xx_HAL_Driver/Src/stm32f4xx_hal.o
 .debug_line    0x0000000000008071      0xc08 Drivers/STM32F4xx_HAL_Driver/Src/stm32f4xx_hal_cortex.o
 .debug_line    0x0000000000008c79      0xec2 Drivers/STM32F4xx_HAL_Driver/Src/stm32f4xx_hal_dma.o
 .debug_line    0x0000000000009b3b      0xad1 Drivers/STM32F4xx_HAL_Driver/Src/stm32f4xx_hal_gpio.o
 .debug_line    0x000000000000a60c      0xcd3 Drivers/STM32F4xx_HAL_Driver/Src/stm32f4xx_hal_rcc.o
 .debug_line    0x000000000000b2df     0x1a1f Drivers/STM32F4xx_HAL_Driver/Src/stm32f4xx_hal_uart.o

.debug_str      0x0000000000000000    0xbb07a
 .debug_str     0x0000000000000000    0xb1d79 Core/Src/main.o
                                      0xb206d (size before relaxing)
 .debug_str     0x00000000000b1d79       0xbe Core/Src/stm32f4xx_hal_msp.o
                                      0xb1f8a (size before relaxing)
 .debug_str     0x00000000000b1e37       0xff Core/Src/stm32f4xx_it.o
                                      0xb19dc (size before relaxing)
 .debug_str     0x00000000000b1f36       0xaf Core/Src/system_stm32f4xx.o
                                      0xb1624 (size before relaxing)
 .debug_str     0x00000000000b1fe5       0x36 Core/Src/new_hope/asm_KeccakF-1600.o
                                         0x6d (size before relaxing)
 .debug_str     0x00000000000b201b       0x22 Core/Src/new_hope/asm_chacha.o
                                         0x67 (size before relaxing)
 .debug_str     0x00000000000b203d       0x1e Core/Src/new_hope/asm_ec.o
                                         0x63 (size before relaxing)
 .debug_str     0x00000000000b205b       0x1f Core/Src/new_hope/asm_ntt.o
                                         0x64 (size before relaxing)
 .debug_str     0x00000000000b207a       0x20 Core/Src/new_hope/asm_poly.o
                                         0x65 (size before relaxing)
 .debug_str     0x00000000000b209a     0x59e8 Core/Src/new_hope/client.o
                                       0x9ac8 (size before relaxing)
 .debug_str     0x00000000000b7a82       0x9d Core/Src/new_hope/crypto_stream_chacha20.o
                                       0x3e1d (size before relaxing)
 .debug_str     0x00000000000b7b1f       0x53 Core/Src/new_hope/error_correction.o
                                       0x8b67 (size before relaxing)
 .debug_str     0x00000000000b7b72       0xfe Core/Src/new_hope/fips202.o
                                       0x3dbc (size before relaxing)
 .debug_str     0x00000000000b7c70       0xcf Core/Src/new_hope/newhope.o
                                       0x9b4b (size before relaxing)
 .debug_str     0x00000000000b7d3f       0x9b Core/Src/new_hope/ntt.o
                                       0x5218 (size before relaxing)
 .debug_str     0x00000000000b7dda       0xb0 Core/Src/new_hope/poly.o
                                       0x538a (size before relaxing)
 .debug_str     0x00000000000b7e8a     0x1ad7 Core/Src/new_hope/randombytes.o
                                       0x8be2 (size before relaxing)
 .debug_str     0x00000000000b9961       0x49 Core/Src/new_hope/reduce.o
                                       0x3da6 (size before relaxing)
 .debug_str     0x00000000000b99aa       0x9e Core/Src/new_hope/stm32f0_wrapper.o
                                      0xb1a0e (size before relaxing)
 .debug_str     0x00000000000b9a48       0x28 Core/Startup/startup_stm32f405rgtx.o
                                         0x6d (size before relaxing)
 .debug_str     0x00000000000b9a70      0x58d Drivers/STM32F4xx_HAL_Driver/Src/stm32f4xx_hal.o
                                      0xb20e5 (size before relaxing)
 .debug_str     0x00000000000b9ffd      0x399 Drivers/STM32F4xx_HAL_Driver/Src/stm32f4xx_hal_cortex.o
                                      0xb1ed4 (size before relaxing)
 .debug_str     0x00000000000ba396      0x322 Drivers/STM32F4xx_HAL_Driver/Src/stm32f4xx_hal_dma.o
                                      0xb1a4e (size before relaxing)
 .debug_str     0x00000000000ba6b8      0x17b Drivers/STM32F4xx_HAL_Driver/Src/stm32f4xx_hal_gpio.o
                                      0xb17cb (size before relaxing)
 .debug_str     0x00000000000ba833      0x24e Drivers/STM32F4xx_HAL_Driver/Src/stm32f4xx_hal_rcc.o
                                      0xb1a26 (size before relaxing)
 .debug_str     0x00000000000baa81      0x5f9 Drivers/STM32F4xx_HAL_Driver/Src/stm32f4xx_hal_uart.o
                                      0xb1f88 (size before relaxing)

.comment        0x0000000000000000       0x53
 .comment       0x0000000000000000       0x53 Core/Src/main.o
                                         0x54 (size before relaxing)
 .comment       0x0000000000000053       0x54 Core/Src/stm32f4xx_hal_msp.o
 .comment       0x0000000000000053       0x54 Core/Src/stm32f4xx_it.o
 .comment       0x0000000000000053       0x54 Core/Src/system_stm32f4xx.o
 .comment       0x0000000000000053       0x54 Core/Src/new_hope/client.o
 .comment       0x0000000000000053       0x54 Core/Src/new_hope/crypto_stream_chacha20.o
 .comment       0x0000000000000053       0x54 Core/Src/new_hope/error_correction.o
 .comment       0x0000000000000053       0x54 Core/Src/new_hope/fips202.o
 .comment       0x0000000000000053       0x54 Core/Src/new_hope/newhope.o
 .comment       0x0000000000000053       0x54 Core/Src/new_hope/ntt.o
 .comment       0x0000000000000053       0x54 Core/Src/new_hope/poly.o
 .comment       0x0000000000000053       0x54 Core/Src/new_hope/randombytes.o
 .comment       0x0000000000000053       0x54 Core/Src/new_hope/reduce.o
 .comment       0x0000000000000053       0x54 Core/Src/new_hope/stm32f0_wrapper.o
 .comment       0x0000000000000053       0x54 Drivers/STM32F4xx_HAL_Driver/Src/stm32f4xx_hal.o
 .comment       0x0000000000000053       0x54 Drivers/STM32F4xx_HAL_Driver/Src/stm32f4xx_hal_cortex.o
 .comment       0x0000000000000053       0x54 Drivers/STM32F4xx_HAL_Driver/Src/stm32f4xx_hal_dma.o
 .comment       0x0000000000000053       0x54 Drivers/STM32F4xx_HAL_Driver/Src/stm32f4xx_hal_gpio.o
 .comment       0x0000000000000053       0x54 Drivers/STM32F4xx_HAL_Driver/Src/stm32f4xx_hal_rcc.o
 .comment       0x0000000000000053       0x54 Drivers/STM32F4xx_HAL_Driver/Src/stm32f4xx_hal_uart.o

.debug_frame    0x0000000000000000     0x217c
 .debug_frame   0x0000000000000000       0xd0 Core/Src/main.o
 .debug_frame   0x00000000000000d0       0x80 Core/Src/stm32f4xx_hal_msp.o
 .debug_frame   0x0000000000000150      0x158 Core/Src/stm32f4xx_it.o
 .debug_frame   0x00000000000002a8       0x58 Core/Src/system_stm32f4xx.o
 .debug_frame   0x0000000000000300       0xa4 Core/Src/new_hope/client.o
 .debug_frame   0x00000000000003a4       0x68 Core/Src/new_hope/crypto_stream_chacha20.o
 .debug_frame   0x000000000000040c       0x38 Core/Src/new_hope/error_correction.o
 .debug_frame   0x0000000000000444      0x100 Core/Src/new_hope/fips202.o
 .debug_frame   0x0000000000000544      0x180 Core/Src/new_hope/newhope.o
 .debug_frame   0x00000000000006c4       0x38 Core/Src/new_hope/ntt.o
 .debug_frame   0x00000000000006fc      0x170 Core/Src/new_hope/poly.o
 .debug_frame   0x000000000000086c       0x40 Core/Src/new_hope/randombytes.o
 .debug_frame   0x00000000000008ac       0x60 Core/Src/new_hope/reduce.o
 .debug_frame   0x000000000000090c      0x10c Core/Src/new_hope/stm32f0_wrapper.o
 .debug_frame   0x0000000000000a18      0x374 Drivers/STM32F4xx_HAL_Driver/Src/stm32f4xx_hal.o
 .debug_frame   0x0000000000000d8c      0x498 Drivers/STM32F4xx_HAL_Driver/Src/stm32f4xx_hal_cortex.o
 .debug_frame   0x0000000000001224      0x250 Drivers/STM32F4xx_HAL_Driver/Src/stm32f4xx_hal_dma.o
 .debug_frame   0x0000000000001474      0x14c Drivers/STM32F4xx_HAL_Driver/Src/stm32f4xx_hal_gpio.o
 .debug_frame   0x00000000000015c0      0x1ec Drivers/STM32F4xx_HAL_Driver/Src/stm32f4xx_hal_rcc.o
 .debug_frame   0x00000000000017ac      0x924 Drivers/STM32F4xx_HAL_Driver/Src/stm32f4xx_hal_uart.o
 .debug_frame   0x00000000000020d0       0x2c /opt/st/stm32cubeide_1.6.1/plugins/com.st.stm32cube.ide.mcu.externaltools.gnu-tools-for-stm32.9-2020-q2-update.linux64_1.5.0.202011040924/tools/bin/../lib/gcc/arm-none-eabi/9.3.1/../../../../arm-none-eabi/lib/thumb/v7e-m+fp/hard/libc_nano.a(lib_a-init.o)
 .debug_frame   0x00000000000020fc       0x20 /opt/st/stm32cubeide_1.6.1/plugins/com.st.stm32cube.ide.mcu.externaltools.gnu-tools-for-stm32.9-2020-q2-update.linux64_1.5.0.202011040924/tools/bin/../lib/gcc/arm-none-eabi/9.3.1/../../../../arm-none-eabi/lib/thumb/v7e-m+fp/hard/libc_nano.a(lib_a-memset.o)
 .debug_frame   0x000000000000211c       0x2c /opt/st/stm32cubeide_1.6.1/plugins/com.st.stm32cube.ide.mcu.externaltools.gnu-tools-for-stm32.9-2020-q2-update.linux64_1.5.0.202011040924/tools/bin/../lib/gcc/arm-none-eabi/9.3.1/thumb/v7e-m+fp/hard/libgcc.a(_aeabi_uldivmod.o)
 .debug_frame   0x0000000000002148       0x34 /opt/st/stm32cubeide_1.6.1/plugins/com.st.stm32cube.ide.mcu.externaltools.gnu-tools-for-stm32.9-2020-q2-update.linux64_1.5.0.202011040924/tools/bin/../lib/gcc/arm-none-eabi/9.3.1/thumb/v7e-m+fp/hard/libgcc.a(_udivmoddi4.o)
