Archive member included to satisfy reference by file (symbol)

/opt/st/stm32cubeide_1.6.1/plugins/com.st.stm32cube.ide.mcu.externaltools.gnu-tools-for-stm32.9-2020-q2-update.linux64_1.5.0.202011040924/tools/bin/../lib/gcc/arm-none-eabi/9.3.1/thumb/v7e-m+fp/hard/libgcc.a(_aeabi_ldivmod.o)
                              Core/Src/new_hope/print.o (__aeabi_ldivmod)
/opt/st/stm32cubeide_1.6.1/plugins/com.st.stm32cube.ide.mcu.externaltools.gnu-tools-for-stm32.9-2020-q2-update.linux64_1.5.0.202011040924/tools/bin/../lib/gcc/arm-none-eabi/9.3.1/thumb/v7e-m+fp/hard/libgcc.a(_aeabi_uldivmod.o)
                              Core/Src/new_hope/print.o (__aeabi_uldivmod)
/opt/st/stm32cubeide_1.6.1/plugins/com.st.stm32cube.ide.mcu.externaltools.gnu-tools-for-stm32.9-2020-q2-update.linux64_1.5.0.202011040924/tools/bin/../lib/gcc/arm-none-eabi/9.3.1/thumb/v7e-m+fp/hard/libgcc.a(_udivmoddi4.o)
                              /opt/st/stm32cubeide_1.6.1/plugins/com.st.stm32cube.ide.mcu.externaltools.gnu-tools-for-stm32.9-2020-q2-update.linux64_1.5.0.202011040924/tools/bin/../lib/gcc/arm-none-eabi/9.3.1/thumb/v7e-m+fp/hard/libgcc.a(_aeabi_ldivmod.o) (__udivmoddi4)
/opt/st/stm32cubeide_1.6.1/plugins/com.st.stm32cube.ide.mcu.externaltools.gnu-tools-for-stm32.9-2020-q2-update.linux64_1.5.0.202011040924/tools/bin/../lib/gcc/arm-none-eabi/9.3.1/thumb/v7e-m+fp/hard/libgcc.a(_dvmd_tls.o)
                              /opt/st/stm32cubeide_1.6.1/plugins/com.st.stm32cube.ide.mcu.externaltools.gnu-tools-for-stm32.9-2020-q2-update.linux64_1.5.0.202011040924/tools/bin/../lib/gcc/arm-none-eabi/9.3.1/thumb/v7e-m+fp/hard/libgcc.a(_aeabi_ldivmod.o) (__aeabi_ldiv0)
/opt/st/stm32cubeide_1.6.1/plugins/com.st.stm32cube.ide.mcu.externaltools.gnu-tools-for-stm32.9-2020-q2-update.linux64_1.5.0.202011040924/tools/bin/../lib/gcc/arm-none-eabi/9.3.1/../../../../arm-none-eabi/lib/thumb/v7e-m+fp/hard/libc_nano.a(lib_a-errno.o)
                              Core/Src/syscalls.o (__errno)
/opt/st/stm32cubeide_1.6.1/plugins/com.st.stm32cube.ide.mcu.externaltools.gnu-tools-for-stm32.9-2020-q2-update.linux64_1.5.0.202011040924/tools/bin/../lib/gcc/arm-none-eabi/9.3.1/../../../../arm-none-eabi/lib/thumb/v7e-m+fp/hard/libc_nano.a(lib_a-exit.o)
                              /opt/st/stm32cubeide_1.6.1/plugins/com.st.stm32cube.ide.mcu.externaltools.gnu-tools-for-stm32.9-2020-q2-update.linux64_1.5.0.202011040924/tools/bin/../lib/gcc/arm-none-eabi/9.3.1/../../../../arm-none-eabi/lib/thumb/v7e-m+fp/hard/crt0.o (exit)
/opt/st/stm32cubeide_1.6.1/plugins/com.st.stm32cube.ide.mcu.externaltools.gnu-tools-for-stm32.9-2020-q2-update.linux64_1.5.0.202011040924/tools/bin/../lib/gcc/arm-none-eabi/9.3.1/../../../../arm-none-eabi/lib/thumb/v7e-m+fp/hard/libc_nano.a(lib_a-impure.o)
                              /opt/st/stm32cubeide_1.6.1/plugins/com.st.stm32cube.ide.mcu.externaltools.gnu-tools-for-stm32.9-2020-q2-update.linux64_1.5.0.202011040924/tools/bin/../lib/gcc/arm-none-eabi/9.3.1/../../../../arm-none-eabi/lib/thumb/v7e-m+fp/hard/libc_nano.a(lib_a-exit.o) (_global_impure_ptr)
/opt/st/stm32cubeide_1.6.1/plugins/com.st.stm32cube.ide.mcu.externaltools.gnu-tools-for-stm32.9-2020-q2-update.linux64_1.5.0.202011040924/tools/bin/../lib/gcc/arm-none-eabi/9.3.1/../../../../arm-none-eabi/lib/thumb/v7e-m+fp/hard/libc_nano.a(lib_a-init.o)
                              /opt/st/stm32cubeide_1.6.1/plugins/com.st.stm32cube.ide.mcu.externaltools.gnu-tools-for-stm32.9-2020-q2-update.linux64_1.5.0.202011040924/tools/bin/../lib/gcc/arm-none-eabi/9.3.1/../../../../arm-none-eabi/lib/thumb/v7e-m+fp/hard/crt0.o (__libc_init_array)
/opt/st/stm32cubeide_1.6.1/plugins/com.st.stm32cube.ide.mcu.externaltools.gnu-tools-for-stm32.9-2020-q2-update.linux64_1.5.0.202011040924/tools/bin/../lib/gcc/arm-none-eabi/9.3.1/../../../../arm-none-eabi/lib/thumb/v7e-m+fp/hard/libc_nano.a(lib_a-memcpy-stub.o)
                              Core/Src/new_hope/crypto_stream_chacha20.o (memcpy)
/opt/st/stm32cubeide_1.6.1/plugins/com.st.stm32cube.ide.mcu.externaltools.gnu-tools-for-stm32.9-2020-q2-update.linux64_1.5.0.202011040924/tools/bin/../lib/gcc/arm-none-eabi/9.3.1/../../../../arm-none-eabi/lib/thumb/v7e-m+fp/hard/libc_nano.a(lib_a-memset.o)
                              /opt/st/stm32cubeide_1.6.1/plugins/com.st.stm32cube.ide.mcu.externaltools.gnu-tools-for-stm32.9-2020-q2-update.linux64_1.5.0.202011040924/tools/bin/../lib/gcc/arm-none-eabi/9.3.1/../../../../arm-none-eabi/lib/thumb/v7e-m+fp/hard/crt0.o (memset)
/opt/st/stm32cubeide_1.6.1/plugins/com.st.stm32cube.ide.mcu.externaltools.gnu-tools-for-stm32.9-2020-q2-update.linux64_1.5.0.202011040924/tools/bin/../lib/gcc/arm-none-eabi/9.3.1/../../../../arm-none-eabi/lib/thumb/v7e-m+fp/hard/libc_nano.a(lib_a-sprintf.o)
                              Core/Src/new_hope/print.o (sprintf)
[...]
Memory Configuration

Name             Origin             Length             Attributes
CCMRAM           0x0000000010000000 0x0000000000010000 xrw
RAM              0x0000000020000000 0x0000000000020000 xrw
FLASH            0x0000000008000000 0x0000000000100000 xr
*default*        0x0000000000000000 0xffffffffffffffff

Linker script and memory map

LOAD /opt/st/stm32cubeide_1.6.1/plugins/com.st.stm32cube.ide.mcu.externaltools.gnu-tools-for-stm32.9-2020-q2-update.linux64_1.5.0.202011040924/tools/bin/../lib/gcc/arm-none-eabi/9.3.1/thumb/v7e-m+fp/hard/crti.o
LOAD /opt/st/stm32cubeide_1.6.1/plugins/com.st.stm32cube.ide.mcu.externaltools.gnu-tools-for-stm32.9-2020-q2-update.linux64_1.5.0.202011040924/tools/bin/../lib/gcc/arm-none-eabi/9.3.1/thumb/v7e-m+fp/hard/crtbegin.o
LOAD /opt/st/stm32cubeide_1.6.1/plugins/com.st.stm32cube.ide.mcu.externaltools.gnu-tools-for-stm32.9-2020-q2-update.linux64_1.5.0.202011040924/tools/bin/../lib/gcc/arm-none-eabi/9.3.1/../../../../arm-none-eabi/lib/thumb/v7e-m+fp/hard/crt0.o
LOAD Core/Src/main.o
LOAD Core/Src/stm32f4xx_hal_msp.o
LOAD Core/Src/stm32f4xx_it.o
LOAD Core/Src/syscalls.o
LOAD Core/Src/sysmem.o
LOAD Core/Src/system_stm32f4xx.o
LOAD Core/Src/trigger.o
LOAD Core/Src/new_hope/asm_KeccakF-1600.o
LOAD Core/Src/new_hope/asm_chacha.o
LOAD Core/Src/new_hope/asm_ec.o
LOAD Core/Src/new_hope/asm_ntt.o
LOAD Core/Src/new_hope/asm_poly.o
LOAD Core/Src/new_hope/crypto_stream_chacha20.o
LOAD Core/Src/new_hope/error_correction.o
LOAD Core/Src/new_hope/fips202.o
LOAD Core/Src/new_hope/newhope.o
LOAD Core/Src/new_hope/ntt.o
LOAD Core/Src/new_hope/poly.o
LOAD Core/Src/new_hope/print.o
LOAD Core/Src/new_hope/randombytes.o
LOAD Core/Src/new_hope/reduce.o
LOAD Core/Src/new_hope/server.o
LOAD Core/Src/new_hope/stm32f0_wrapper.o
LOAD Core/Startup/startup_stm32f405rgtx.o
LOAD Drivers/STM32F4xx_HAL_Driver/Src/stm32f4xx_hal.o
LOAD Drivers/STM32F4xx_HAL_Driver/Src/stm32f4xx_hal_cortex.o
LOAD Drivers/STM32F4xx_HAL_Driver/Src/stm32f4xx_hal_dma.o
LOAD Drivers/STM32F4xx_HAL_Driver/Src/stm32f4xx_hal_dma_ex.o
LOAD Drivers/STM32F4xx_HAL_Driver/Src/stm32f4xx_hal_exti.o
LOAD Drivers/STM32F4xx_HAL_Driver/Src/stm32f4xx_hal_flash.o
LOAD Drivers/STM32F4xx_HAL_Driver/Src/stm32f4xx_hal_flash_ex.o
LOAD Drivers/STM32F4xx_HAL_Driver/Src/stm32f4xx_hal_flash_ramfunc.o
LOAD Drivers/STM32F4xx_HAL_Driver/Src/stm32f4xx_hal_gpio.o
LOAD Drivers/STM32F4xx_HAL_Driver/Src/stm32f4xx_hal_pwr.o
LOAD Drivers/STM32F4xx_HAL_Driver/Src/stm32f4xx_hal_pwr_ex.o
LOAD Drivers/STM32F4xx_HAL_Driver/Src/stm32f4xx_hal_rcc.o
LOAD Drivers/STM32F4xx_HAL_Driver/Src/stm32f4xx_hal_rcc_ex.o
LOAD Drivers/STM32F4xx_HAL_Driver/Src/stm32f4xx_hal_tim.o
LOAD Drivers/STM32F4xx_HAL_Driver/Src/stm32f4xx_hal_tim_ex.o
LOAD Drivers/STM32F4xx_HAL_Driver/Src/stm32f4xx_hal_uart.o
LOAD /opt/st/stm32cubeide_1.6.1/plugins/com.st.stm32cube.ide.mcu.externaltools.gnu-tools-for-stm32.9-2020-q2-update.linux64_1.5.0.202011040924/tools/bin/../lib/gcc/arm-none-eabi/9.3.1/thumb/v7e-m+fp/hard/libgcc.a
START GROUP
LOAD /opt/st/stm32cubeide_1.6.1/plugins/com.st.stm32cube.ide.mcu.externaltools.gnu-tools-for-stm32.9-2020-q2-update.linux64_1.5.0.202011040924/tools/bin/../lib/gcc/arm-none-eabi/9.3.1/../../../../arm-none-eabi/lib/thumb/v7e-m+fp/hard/libc_nano.a
LOAD /opt/st/stm32cubeide_1.6.1/plugins/com.st.stm32cube.ide.mcu.externaltools.gnu-tools-for-stm32.9-2020-q2-update.linux64_1.5.0.202011040924/tools/bin/../lib/gcc/arm-none-eabi/9.3.1/../../../../arm-none-eabi/lib/thumb/v7e-m+fp/hard/libm.a
END GROUP
START GROUP
LOAD /opt/st/stm32cubeide_1.6.1/plugins/com.st.stm32cube.ide.mcu.externaltools.gnu-tools-for-stm32.9-2020-q2-update.linux64_1.5.0.202011040924/tools/bin/../lib/gcc/arm-none-eabi/9.3.1/thumb/v7e-m+fp/hard/libgcc.a
LOAD /opt/st/stm32cubeide_1.6.1/plugins/com.st.stm32cube.ide.mcu.externaltools.gnu-tools-for-stm32.9-2020-q2-update.linux64_1.5.0.202011040924/tools/bin/../lib/gcc/arm-none-eabi/9.3.1/../../../../arm-none-eabi/lib/thumb/v7e-m+fp/hard/libc_nano.a
END GROUP
START GROUP
LOAD /opt/st/stm32cubeide_1.6.1/plugins/com.st.stm32cube.ide.mcu.externaltools.gnu-tools-for-stm32.9-2020-q2-update.linux64_1.5.0.202011040924/tools/bin/../lib/gcc/arm-none-eabi/9.3.1/thumb/v7e-m+fp/hard/libgcc.a
LOAD /opt/st/stm32cubeide_1.6.1/plugins/com.st.stm32cube.ide.mcu.externaltools.gnu-tools-for-stm32.9-2020-q2-update.linux64_1.5.0.202011040924/tools/bin/../lib/gcc/arm-none-eabi/9.3.1/../../../../arm-none-eabi/lib/thumb/v7e-m+fp/hard/libc_nano.a
LOAD /opt/st/stm32cubeide_1.6.1/plugins/com.st.stm32cube.ide.mcu.externaltools.gnu-tools-for-stm32.9-2020-q2-update.linux64_1.5.0.202011040924/tools/bin/../lib/gcc/arm-none-eabi/9.3.1/../../../../arm-none-eabi/lib/thumb/v7e-m+fp/hard/libnosys.a
END GROUP
START GROUP
LOAD /opt/st/stm32cubeide_1.6.1/plugins/com.st.stm32cube.ide.mcu.externaltools.gnu-tools-for-stm32.9-2020-q2-update.linux64_1.5.0.202011040924/tools/bin/../lib/gcc/arm-none-eabi/9.3.1/thumb/v7e-m+fp/hard/libgcc.a
LOAD /opt/st/stm32cubeide_1.6.1/plugins/com.st.stm32cube.ide.mcu.externaltools.gnu-tools-for-stm32.9-2020-q2-update.linux64_1.5.0.202011040924/tools/bin/../lib/gcc/arm-none-eabi/9.3.1/../../../../arm-none-eabi/lib/thumb/v7e-m+fp/hard/libc_nano.a
LOAD /opt/st/stm32cubeide_1.6.1/plugins/com.st.stm32cube.ide.mcu.externaltools.gnu-tools-for-stm32.9-2020-q2-update.linux64_1.5.0.202011040924/tools/bin/../lib/gcc/arm-none-eabi/9.3.1/../../../../arm-none-eabi/lib/thumb/v7e-m+fp/hard/libnosys.a
END GROUP
LOAD /opt/st/stm32cubeide_1.6.1/plugins/com.st.stm32cube.ide.mcu.externaltools.gnu-tools-for-stm32.9-2020-q2-update.linux64_1.5.0.202011040924/tools/bin/../lib/gcc/arm-none-eabi/9.3.1/thumb/v7e-m+fp/hard/crtend.o
LOAD /opt/st/stm32cubeide_1.6.1/plugins/com.st.stm32cube.ide.mcu.externaltools.gnu-tools-for-stm32.9-2020-q2-update.linux64_1.5.0.202011040924/tools/bin/../lib/gcc/arm-none-eabi/9.3.1/thumb/v7e-m+fp/hard/crtn.o
                0x0000000020020000                _estack = (ORIGIN (RAM) + LENGTH (RAM))
                0x0000000000000200                _Min_Heap_Size = 0x200
                0x0000000000000400                _Min_Stack_Size = 0x400

.isr_vector     0x0000000008000000      0x188
                0x0000000008000000                . = ALIGN (0x4)
 *(.isr_vector)
 .isr_vector    0x0000000008000000      0x188 Core/Startup/startup_stm32f405rgtx.o
                0x0000000008000000                g_pfnVectors
                0x0000000008000188                . = ALIGN (0x4)

.text           0x0000000008000200     0x797c
                0x0000000008000200                . = ALIGN (0x4)
 *(.text)
 .text          0x0000000008000200       0x40 /opt/st/stm32cubeide_1.6.1/plugins/com.st.stm32cube.ide.mcu.externaltools.gnu-tools-for-stm32.9-2020-q2-update.linux64_1.5.0.202011040924/tools/bin/../lib/gcc/arm-none-eabi/9.3.1/thumb/v7e-m+fp/hard/crtbegin.o
 *fill*         0x0000000008000240       0xc0 
 .text          0x0000000008000300     0x20c4 Core/Src/new_hope/asm_KeccakF-1600.o
                0x0000000008000300                KeccakF1600_Initialize
                0x0000000008000400                KeccakF1600_StateInitialize
                0x0000000008000500                KeccakF1600_StateComplementBit
                0x0000000008000600                KeccakF1600_StateXORBytes
                0x0000000008000a00                KeccakF1600_StateExtractBytes
                0x0000000008000e00                KeccakF1600_StatePermute
 .text          0x00000000080023c4      0xdb0 Core/Src/new_hope/asm_chacha.o
                0x00000000080023c4                asm_csc_for
                0x00000000080023d4                asm_init
                0x00000000080023ec                asm_quarterround
                0x00000000080030e4                asm_add_and_store
 .text          0x0000000008003174     0x1a34 Core/Src/new_hope/asm_ec.o
                0x0000000008003f9e                asm_helprec
                0x00000000080049b2                asm_rec
 .text          0x0000000008004ba8      0x830 Core/Src/new_hope/asm_ntt.o
                0x0000000008004ba8                asm_ntt
                0x000000000800508c                asm_mulcoef_otf
                0x000000000800519c                asm_mulcoef
                0x000000000800522e                test_butterfly
                0x00000000080052ac                test_lazy_butterfly
                0x0000000008005314                test_doublefly
 .text          0x00000000080053d8      0x10e Core/Src/new_hope/asm_poly.o
                0x00000000080053d8                asm_poly_add
                0x0000000008005454                asm_poly_pointwise
 *fill*         0x00000000080054e6        0x2 
 .text          0x00000000080054e8       0x30 /opt/st/stm32cubeide_1.6.1/plugins/com.st.stm32cube.ide.mcu.externaltools.gnu-tools-for-stm32.9-2020-q2-update.linux64_1.5.0.202011040924/tools/bin/../lib/gcc/arm-none-eabi/9.3.1/thumb/v7e-m+fp/hard/libgcc.a(_aeabi_uldivmod.o)
                0x00000000080054e8                __aeabi_uldivmod
 .text          0x0000000008005518      0x2c4 /opt/st/stm32cubeide_1.6.1/plugins/com.st.stm32cube.ide.mcu.externaltools.gnu-tools-for-stm32.9-2020-q2-update.linux64_1.5.0.202011040924/tools/bin/../lib/gcc/arm-none-eabi/9.3.1/thumb/v7e-m+fp/hard/libgcc.a(_udivmoddi4.o)
                0x0000000008005518                __udivmoddi4
 .text          0x00000000080057dc        0x4 /opt/st/stm32cubeide_1.6.1/plugins/com.st.stm32cube.ide.mcu.externaltools.gnu-tools-for-stm32.9-2020-q2-update.linux64_1.5.0.202011040924/tools/bin/../lib/gcc/arm-none-eabi/9.3.1/thumb/v7e-m+fp/hard/libgcc.a(_dvmd_tls.o)
                0x00000000080057dc                __aeabi_ldiv0
                0x00000000080057dc                __aeabi_idiv0
 *(.text*)
 .text.SystemClock_Config
                0x00000000080057e0       0x8c Core/Src/main.o
                0x00000000080057e0                SystemClock_Config
 .text.startup.main
                0x000000000800586c       0xc8 Core/Src/main.o
                0x000000000800586c                main
 .text.Error_Handler
                0x0000000008005934        0x4 Core/Src/main.o
                0x0000000008005934                Error_Handler
 .text.HAL_MspInit
                0x0000000008005938       0x38 Core/Src/stm32f4xx_hal_msp.o
                0x0000000008005938                HAL_MspInit
 .text.HAL_UART_MspInit
                0x0000000008005970       0xfc Core/Src/stm32f4xx_hal_msp.o
                0x0000000008005970                HAL_UART_MspInit
 .text.NMI_Handler
                0x0000000008005a6c        0x4 Core/Src/stm32f4xx_it.o
                0x0000000008005a6c                NMI_Handler
 .text.HardFault_Handler
                0x0000000008005a70        0x4 Core/Src/stm32f4xx_it.o
                0x0000000008005a70                HardFault_Handler
 .text.MemManage_Handler
                0x0000000008005a74        0x4 Core/Src/stm32f4xx_it.o
                0x0000000008005a74                MemManage_Handler
 .text.BusFault_Handler
                0x0000000008005a78        0x4 Core/Src/stm32f4xx_it.o
                0x0000000008005a78                BusFault_Handler
 .text.UsageFault_Handler
                0x0000000008005a7c        0x4 Core/Src/stm32f4xx_it.o
                0x0000000008005a7c                UsageFault_Handler
 .text.SVC_Handler
                0x0000000008005a80        0x4 Core/Src/stm32f4xx_it.o
                0x0000000008005a80                SVC_Handler
 .text.DebugMon_Handler
                0x0000000008005a84        0x4 Core/Src/stm32f4xx_it.o
                0x0000000008005a84                DebugMon_Handler
 .text.PendSV_Handler
                0x0000000008005a88        0x4 Core/Src/stm32f4xx_it.o
                0x0000000008005a88                PendSV_Handler
 .text.SysTick_Handler
                0x0000000008005a8c        0x4 Core/Src/stm32f4xx_it.o
                0x0000000008005a8c                SysTick_Handler
 .text.USART1_IRQHandler
                0x0000000008005a90        0xc Core/Src/stm32f4xx_it.o
                0x0000000008005a90                USART1_IRQHandler
 .text.DMA2_Stream2_IRQHandler
                0x0000000008005a9c        0xc Core/Src/stm32f4xx_it.o
                0x0000000008005a9c                DMA2_Stream2_IRQHandler
 .text.DMA2_Stream7_IRQHandler
                0x0000000008005aa8        0xc Core/Src/stm32f4xx_it.o
                0x0000000008005aa8                DMA2_Stream7_IRQHandler
 .text.SystemInit
                0x0000000008005ab4       0x14 Core/Src/system_stm32f4xx.o
                0x0000000008005ab4                SystemInit
 .text.trigger_high
                0x0000000008005ac8       0x10 Core/Src/trigger.o
                0x0000000008005ac8                trigger_high
 .text.trigger_low
                0x0000000008005ad8       0x10 Core/Src/trigger.o
                0x0000000008005ad8                trigger_low
 .text.crypto_stream_chacha20
                0x0000000008005ae8      0x1a8 Core/Src/new_hope/crypto_stream_chacha20.o
                0x0000000008005ae8                crypto_stream_chacha20
 .text.shake128_absorb_asm
                0x0000000008005c90       0x58 Core/Src/new_hope/fips202.o
                0x0000000008005c90                shake128_absorb_asm
 .text.shake128_squeezeblocks_asm
                0x0000000008005ce8       0x70 Core/Src/new_hope/fips202.o
                0x0000000008005ce8                shake128_squeezeblocks_asm
 .text.sha3256  0x0000000008005d58       0x88 Core/Src/new_hope/fips202.o
                0x0000000008005d58                sha3256
 .text.newhope_keygen_internal
                0x0000000008005de0       0x58 Core/Src/new_hope/newhope.o
                0x0000000008005de0                newhope_keygen_internal
 .text.newhope_keygen
                0x0000000008005e38      0x130 Core/Src/new_hope/newhope.o
                0x0000000008005e38                newhope_keygen
 .text.newhope_shareda
                0x0000000008005f68       0x8c Core/Src/new_hope/newhope.o
                0x0000000008005f68                newhope_shareda
 .text.bitrev_vector
                0x0000000008005ff4       0x48 Core/Src/new_hope/ntt.o
                0x0000000008005ff4                bitrev_vector
 .text.poly_amplify
                0x000000000800603c       0xdc Core/Src/new_hope/poly.o
                0x000000000800603c                poly_amplify
 .text.poly_densify
                0x0000000008006118      0x1d0 Core/Src/new_hope/poly.o
                0x0000000008006118                poly_densify
 .text.poly_uniform
                0x00000000080062e8       0x7c Core/Src/new_hope/poly.o
                0x00000000080062e8                poly_uniform
 .text.poly_getnoise
                0x0000000008006364       0xb0 Core/Src/new_hope/poly.o
                0x0000000008006364                poly_getnoise
 .text.poly_bitrev
                0x0000000008006414        0x4 Core/Src/new_hope/poly.o
                0x0000000008006414                poly_bitrev
 .text.poly_ntt
                0x0000000008006418       0x1c Core/Src/new_hope/poly.o
                0x0000000008006418                poly_ntt
 .text.poly_invntt
                0x0000000008006434       0x20 Core/Src/new_hope/poly.o
                0x0000000008006434                poly_invntt
 .text.randombytes
                0x0000000008006454       0x88 Core/Src/new_hope/randombytes.o
                0x0000000008006454                randombytes
 .text.barrett_reduce
                0x00000000080064dc       0x14 Core/Src/new_hope/reduce.o
                0x00000000080064dc                barrett_reduce
 .text.test_keys
                0x00000000080064f0      0x140 Core/Src/new_hope/server.o
                0x00000000080064f0                test_keys
 .text.dma_request
                0x0000000008006630       0x10 Core/Src/new_hope/stm32f0_wrapper.o
                0x0000000008006630                dma_request
 .text.dma_transmit
                0x0000000008006640       0x14 Core/Src/new_hope/stm32f0_wrapper.o
                0x0000000008006640                dma_transmit
 .text.dma_done
                0x0000000008006654       0x1c Core/Src/new_hope/stm32f0_wrapper.o
                0x0000000008006654                dma_done
 .text.signal_host
                0x0000000008006670       0x40 Core/Src/new_hope/stm32f0_wrapper.o
                0x0000000008006670                signal_host
 .text.Reset_Handler
                0x00000000080066b0       0x50 Core/Startup/startup_stm32f405rgtx.o
                0x00000000080066b0                Reset_Handler
 .text.Default_Handler
                0x0000000008006700        0x2 Core/Startup/startup_stm32f405rgtx.o
                0x0000000008006700                RTC_Alarm_IRQHandler
                0x0000000008006700                HASH_RNG_IRQHandler
                0x0000000008006700                EXTI2_IRQHandler
                0x0000000008006700                TIM8_CC_IRQHandler
                0x0000000008006700                TIM1_CC_IRQHandler
                0x0000000008006700                DMA2_Stream5_IRQHandler
                0x0000000008006700                DMA1_Stream5_IRQHandler
                0x0000000008006700                PVD_IRQHandler
                0x0000000008006700                SDIO_IRQHandler
                0x0000000008006700                TAMP_STAMP_IRQHandler
                0x0000000008006700                CAN2_RX1_IRQHandler
                0x0000000008006700                EXTI3_IRQHandler
                0x0000000008006700                TIM8_TRG_COM_TIM14_IRQHandler
                0x0000000008006700                TIM1_UP_TIM10_IRQHandler
                0x0000000008006700                TIM8_UP_TIM13_IRQHandler
                0x0000000008006700                I2C3_ER_IRQHandler
                0x0000000008006700                EXTI0_IRQHandler
                0x0000000008006700                I2C2_EV_IRQHandler
                0x0000000008006700                DMA1_Stream2_IRQHandler
                0x0000000008006700                CAN1_RX0_IRQHandler
                0x0000000008006700                FPU_IRQHandler
                0x0000000008006700                OTG_HS_WKUP_IRQHandler
                0x0000000008006700                CAN2_SCE_IRQHandler
                0x0000000008006700                SPI1_IRQHandler
                0x0000000008006700                TIM6_DAC_IRQHandler
                0x0000000008006700                TIM1_BRK_TIM9_IRQHandler
                0x0000000008006700                CAN2_RX0_IRQHandler
                0x0000000008006700                DMA2_Stream3_IRQHandler
                0x0000000008006700                USART6_IRQHandler
                0x0000000008006700                USART3_IRQHandler
                0x0000000008006700                CAN1_RX1_IRQHandler
                0x0000000008006700                UART5_IRQHandler
                0x0000000008006700                DMA2_Stream0_IRQHandler
                0x0000000008006700                TIM4_IRQHandler
                0x0000000008006700                I2C1_EV_IRQHandler
                0x0000000008006700                DMA1_Stream6_IRQHandler
                0x0000000008006700                DMA1_Stream1_IRQHandler
                0x0000000008006700                UART4_IRQHandler
                0x0000000008006700                TIM3_IRQHandler
                0x0000000008006700                RCC_IRQHandler
                0x0000000008006700                TIM8_BRK_TIM12_IRQHandler
                0x0000000008006700                Default_Handler
                0x0000000008006700                EXTI15_10_IRQHandler
                0x0000000008006700                ADC_IRQHandler
                0x0000000008006700                DMA1_Stream7_IRQHandler
                0x0000000008006700                TIM7_IRQHandler
                0x0000000008006700                CAN2_TX_IRQHandler
                0x0000000008006700                TIM5_IRQHandler
                0x0000000008006700                I2C3_EV_IRQHandler
                0x0000000008006700                EXTI9_5_IRQHandler
                0x0000000008006700                RTC_WKUP_IRQHandler
                0x0000000008006700                SPI2_IRQHandler
                0x0000000008006700                OTG_HS_EP1_IN_IRQHandler
                0x0000000008006700                DMA1_Stream0_IRQHandler
                0x0000000008006700                CAN1_TX_IRQHandler
                0x0000000008006700                EXTI4_IRQHandler
                0x0000000008006700                FSMC_IRQHandler
                0x0000000008006700                OTG_HS_EP1_OUT_IRQHandler
                0x0000000008006700                WWDG_IRQHandler
                0x0000000008006700                TIM2_IRQHandler
                0x0000000008006700                OTG_FS_WKUP_IRQHandler
                0x0000000008006700                TIM1_TRG_COM_TIM11_IRQHandler
                0x0000000008006700                OTG_HS_IRQHandler
                0x0000000008006700                EXTI1_IRQHandler
                0x0000000008006700                USART2_IRQHandler
                0x0000000008006700                I2C2_ER_IRQHandler
                0x0000000008006700                DMA2_Stream1_IRQHandler
                0x0000000008006700                CAN1_SCE_IRQHandler
                0x0000000008006700                FLASH_IRQHandler
                0x0000000008006700                DMA2_Stream4_IRQHandler
                0x0000000008006700                OTG_FS_IRQHandler
                0x0000000008006700                SPI3_IRQHandler
                0x0000000008006700                DMA1_Stream4_IRQHandler
                0x0000000008006700                I2C1_ER_IRQHandler
                0x0000000008006700                DMA2_Stream6_IRQHandler
                0x0000000008006700                DMA1_Stream3_IRQHandler
 *fill*         0x0000000008006702        0x2 
 .text.HAL_InitTick
                0x0000000008006704       0x48 Drivers/STM32F4xx_HAL_Driver/Src/stm32f4xx_hal.o
                0x0000000008006704                HAL_InitTick
 .text.HAL_Init
                0x000000000800674c       0x34 Drivers/STM32F4xx_HAL_Driver/Src/stm32f4xx_hal.o
                0x000000000800674c                HAL_Init
 .text.HAL_IncTick
                0x0000000008006780       0x18 Drivers/STM32F4xx_HAL_Driver/Src/stm32f4xx_hal.o
                0x0000000008006780                HAL_IncTick
 .text.HAL_GetTick
                0x0000000008006798        0xc Drivers/STM32F4xx_HAL_Driver/Src/stm32f4xx_hal.o
                0x0000000008006798                HAL_GetTick
 .text.HAL_NVIC_SetPriorityGrouping
                0x00000000080067a4       0x28 Drivers/STM32F4xx_HAL_Driver/Src/stm32f4xx_hal_cortex.o
                0x00000000080067a4                HAL_NVIC_SetPriorityGrouping
 .text.HAL_NVIC_SetPriority
                0x00000000080067cc       0x70 Drivers/STM32F4xx_HAL_Driver/Src/stm32f4xx_hal_cortex.o
                0x00000000080067cc                HAL_NVIC_SetPriority
 .text.HAL_NVIC_EnableIRQ
                0x000000000800683c       0x1c Drivers/STM32F4xx_HAL_Driver/Src/stm32f4xx_hal_cortex.o
                0x000000000800683c                HAL_NVIC_EnableIRQ
 .text.HAL_SYSTICK_Config
                0x0000000008006858       0x34 Drivers/STM32F4xx_HAL_Driver/Src/stm32f4xx_hal_cortex.o
                0x0000000008006858                HAL_SYSTICK_Config
 .text.HAL_DMA_Init
                0x000000000800688c      0x134 Drivers/STM32F4xx_HAL_Driver/Src/stm32f4xx_hal_dma.o
                0x000000000800688c                HAL_DMA_Init
 .text.HAL_DMA_Abort
                0x00000000080069c0       0x90 Drivers/STM32F4xx_HAL_Driver/Src/stm32f4xx_hal_dma.o
                0x00000000080069c0                HAL_DMA_Abort
 .text.HAL_DMA_Abort_IT
                0x0000000008006a50       0x24 Drivers/STM32F4xx_HAL_Driver/Src/stm32f4xx_hal_dma.o
                0x0000000008006a50                HAL_DMA_Abort_IT
 .text.HAL_DMA_IRQHandler
                0x0000000008006a74      0x1e0 Drivers/STM32F4xx_HAL_Driver/Src/stm32f4xx_hal_dma.o
                0x0000000008006a74                HAL_DMA_IRQHandler
 .text.HAL_GPIO_Init
                0x0000000008006c54      0x220 Drivers/STM32F4xx_HAL_Driver/Src/stm32f4xx_hal_gpio.o
                0x0000000008006c54                HAL_GPIO_Init
 .text.HAL_GPIO_WritePin
                0x0000000008006e74        0x8 Drivers/STM32F4xx_HAL_Driver/Src/stm32f4xx_hal_gpio.o
                0x0000000008006e74                HAL_GPIO_WritePin
 .text.HAL_RCC_OscConfig
                0x0000000008006e7c      0x3cc Drivers/STM32F4xx_HAL_Driver/Src/stm32f4xx_hal_rcc.o
                0x0000000008006e7c                HAL_RCC_OscConfig
 .text.HAL_RCC_GetSysClockFreq
                0x0000000008007248       0x6c Drivers/STM32F4xx_HAL_Driver/Src/stm32f4xx_hal_rcc.o
                0x0000000008007248                HAL_RCC_GetSysClockFreq
 .text.HAL_RCC_ClockConfig
                0x00000000080072b4      0x13c Drivers/STM32F4xx_HAL_Driver/Src/stm32f4xx_hal_rcc.o
                0x00000000080072b4                HAL_RCC_ClockConfig
 .text.HAL_RCC_GetPCLK1Freq
                0x00000000080073f0       0x20 Drivers/STM32F4xx_HAL_Driver/Src/stm32f4xx_hal_rcc.o
                0x00000000080073f0                HAL_RCC_GetPCLK1Freq
 .text.HAL_RCC_GetPCLK2Freq
                0x0000000008007410       0x20 Drivers/STM32F4xx_HAL_Driver/Src/stm32f4xx_hal_rcc.o
                0x0000000008007410                HAL_RCC_GetPCLK2Freq
 .text.HAL_UART_Init
                0x0000000008007430      0x138 Drivers/STM32F4xx_HAL_Driver/Src/stm32f4xx_hal_uart.o
                0x0000000008007430                HAL_UART_Init
 .text.HAL_UART_Transmit
                0x0000000008007568      0x110 Drivers/STM32F4xx_HAL_Driver/Src/stm32f4xx_hal_uart.o
                0x0000000008007568                HAL_UART_Transmit
 .text.HAL_UART_Receive
                0x0000000008007678      0x108 Drivers/STM32F4xx_HAL_Driver/Src/stm32f4xx_hal_uart.o
                0x0000000008007678                HAL_UART_Receive
 .text.HAL_UART_Receive_IT
                0x0000000008007780       0x54 Drivers/STM32F4xx_HAL_Driver/Src/stm32f4xx_hal_uart.o
                0x0000000008007780                HAL_UART_Receive_IT
 .text.HAL_UART_TxCpltCallback
                0x00000000080077d4        0x4 Drivers/STM32F4xx_HAL_Driver/Src/stm32f4xx_hal_uart.o
                0x00000000080077d4                HAL_UART_TxCpltCallback
 .text.HAL_UART_RxCpltCallback
                0x00000000080077d8        0x4 Drivers/STM32F4xx_HAL_Driver/Src/stm32f4xx_hal_uart.o
                0x00000000080077d8                HAL_UART_RxCpltCallback
 .text.HAL_UART_ErrorCallback
                0x00000000080077dc        0x4 Drivers/STM32F4xx_HAL_Driver/Src/stm32f4xx_hal_uart.o
                0x00000000080077dc                HAL_UART_ErrorCallback
 .text.UART_DMAAbortOnError
                0x00000000080077e0       0x10 Drivers/STM32F4xx_HAL_Driver/Src/stm32f4xx_hal_uart.o
 .text.HAL_UARTEx_RxEventCallback
                0x00000000080077f0        0x4 Drivers/STM32F4xx_HAL_Driver/Src/stm32f4xx_hal_uart.o
                0x00000000080077f0                HAL_UARTEx_RxEventCallback
 .text.UART_Receive_IT.part.0
                0x00000000080077f4       0xa0 Drivers/STM32F4xx_HAL_Driver/Src/stm32f4xx_hal_uart.o
 .text.HAL_UART_IRQHandler
                0x0000000008007894      0x25c Drivers/STM32F4xx_HAL_Driver/Src/stm32f4xx_hal_uart.o
                0x0000000008007894                HAL_UART_IRQHandler
 .text.__libc_init_array
                0x0000000008007af0       0x48 /opt/st/stm32cubeide_1.6.1/plugins/com.st.stm32cube.ide.mcu.externaltools.gnu-tools-for-stm32.9-2020-q2-update.linux64_1.5.0.202011040924/tools/bin/../lib/gcc/arm-none-eabi/9.3.1/../../../../arm-none-eabi/lib/thumb/v7e-m+fp/hard/libc_nano.a(lib_a-init.o)
                0x0000000008007af0                __libc_init_array
 .text.memcpy   0x0000000008007b38       0x1c /opt/st/stm32cubeide_1.6.1/plugins/com.st.stm32cube.ide.mcu.externaltools.gnu-tools-for-stm32.9-2020-q2-update.linux64_1.5.0.202011040924/tools/bin/../lib/gcc/arm-none-eabi/9.3.1/../../../../arm-none-eabi/lib/thumb/v7e-m+fp/hard/libc_nano.a(lib_a-memcpy-stub.o)
                0x0000000008007b38                memcpy
 .text.memset   0x0000000008007b54       0x10 /opt/st/stm32cubeide_1.6.1/plugins/com.st.stm32cube.ide.mcu.externaltools.gnu-tools-for-stm32.9-2020-q2-update.linux64_1.5.0.202011040924/tools/bin/../lib/gcc/arm-none-eabi/9.3.1/../../../../arm-none-eabi/lib/thumb/v7e-m+fp/hard/libc_nano.a(lib_a-memset.o)
                0x0000000008007b54                memset
 *(.glue_7)
 .glue_7        0x0000000008007b64        0x0 linker stubs
 *(.glue_7t)
 .glue_7t       0x0000000008007b64        0x0 linker stubs
 *(.eh_frame)
 .eh_frame      0x0000000008007b64        0x0 /opt/st/stm32cubeide_1.6.1/plugins/com.st.stm32cube.ide.mcu.externaltools.gnu-tools-for-stm32.9-2020-q2-update.linux64_1.5.0.202011040924/tools/bin/../lib/gcc/arm-none-eabi/9.3.1/thumb/v7e-m+fp/hard/crtbegin.o
 *(.init)
 .init          0x0000000008007b64        0x4 /opt/st/stm32cubeide_1.6.1/plugins/com.st.stm32cube.ide.mcu.externaltools.gnu-tools-for-stm32.9-2020-q2-update.linux64_1.5.0.202011040924/tools/bin/../lib/gcc/arm-none-eabi/9.3.1/thumb/v7e-m+fp/hard/crti.o
                0x0000000008007b64                _init
 .init          0x0000000008007b68        0x8 /opt/st/stm32cubeide_1.6.1/plugins/com.st.stm32cube.ide.mcu.externaltools.gnu-tools-for-stm32.9-2020-q2-update.linux64_1.5.0.202011040924/tools/bin/../lib/gcc/arm-none-eabi/9.3.1/thumb/v7e-m+fp/hard/crtn.o
 *(.fini)
 .fini          0x0000000008007b70        0x4 /opt/st/stm32cubeide_1.6.1/plugins/com.st.stm32cube.ide.mcu.externaltools.gnu-tools-for-stm32.9-2020-q2-update.linux64_1.5.0.202011040924/tools/bin/../lib/gcc/arm-none-eabi/9.3.1/thumb/v7e-m+fp/hard/crti.o
                0x0000000008007b70                _fini
 .fini          0x0000000008007b74        0x8 /opt/st/stm32cubeide_1.6.1/plugins/com.st.stm32cube.ide.mcu.externaltools.gnu-tools-for-stm32.9-2020-q2-update.linux64_1.5.0.202011040924/tools/bin/../lib/gcc/arm-none-eabi/9.3.1/thumb/v7e-m+fp/hard/crtn.o
                0x0000000008007b7c                . = ALIGN (0x4)
                0x0000000008007b7c                _etext = .

.vfp11_veneer   0x0000000008007b7c        0x0
 .vfp11_veneer  0x0000000008007b7c        0x0 linker stubs

.v4_bx          0x0000000008007b7c        0x0
 .v4_bx         0x0000000008007b7c        0x0 linker stubs

.iplt           0x0000000008007b7c        0x0
 .iplt          0x0000000008007b7c        0x0 /opt/st/stm32cubeide_1.6.1/plugins/com.st.stm32cube.ide.mcu.externaltools.gnu-tools-for-stm32.9-2020-q2-update.linux64_1.5.0.202011040924/tools/bin/../lib/gcc/arm-none-eabi/9.3.1/thumb/v7e-m+fp/hard/crtbegin.o

.rodata         0x0000000008007b7c     0x18b8
                0x0000000008007b7c                . = ALIGN (0x4)
 *(.rodata)
 *(.rodata*)
 .rodata.AHBPrescTable
                0x0000000008007b7c       0x10 Core/Src/system_stm32f4xx.o
                0x0000000008007b7c                AHBPrescTable
 .rodata.APBPrescTable
                0x0000000008007b8c        0x8 Core/Src/system_stm32f4xx.o
                0x0000000008007b8c                APBPrescTable
 .rodata.sigma  0x0000000008007b94       0x10 Core/Src/new_hope/crypto_stream_chacha20.o
 .rodata.bitrev_table
                0x0000000008007ba4      0x800 Core/Src/new_hope/ntt.o
 .rodata.omegas_inv_montgomery
                0x00000000080083a4      0x400 Core/Src/new_hope/poly.o
                0x00000000080083a4                omegas_inv_montgomery
 .rodata.omegas_montgomery
                0x00000000080087a4      0x400 Core/Src/new_hope/poly.o
                0x00000000080087a4                omegas_montgomery
 .rodata.psis_inv_montgomery
                0x0000000008008ba4      0x800 Core/Src/new_hope/poly.o
                0x0000000008008ba4                psis_inv_montgomery
 .rodata.randombytes.str1.4
                0x00000000080093a4       0x65 Core/Src/new_hope/randombytes.o
 *fill*         0x0000000008009409        0x3 
 .rodata.key_stored
                0x000000000800940c       0x20 Core/Src/new_hope/server.o
                0x000000000800940c                key_stored
 .rodata.flagBitshiftOffset.7698
                0x000000000800942c        0x8 Drivers/STM32F4xx_HAL_Driver/Src/stm32f4xx_hal_dma.o
                0x0000000008009434                . = ALIGN (0x4)

.ARM.extab      0x0000000008009434        0x0
                0x0000000008009434                . = ALIGN (0x4)
 *(.ARM.extab* .gnu.linkonce.armextab.*)
                0x0000000008009434                . = ALIGN (0x4)

.ARM            0x0000000008009434        0x8
                0x0000000008009434                . = ALIGN (0x4)
                0x0000000008009434                __exidx_start = .
 *(.ARM.exidx*)
 .ARM.exidx     0x0000000008009434        0x8 /opt/st/stm32cubeide_1.6.1/plugins/com.st.stm32cube.ide.mcu.externaltools.gnu-tools-for-stm32.9-2020-q2-update.linux64_1.5.0.202011040924/tools/bin/../lib/gcc/arm-none-eabi/9.3.1/thumb/v7e-m+fp/hard/libgcc.a(_udivmoddi4.o)
                0x000000000800943c                __exidx_end = .
                0x000000000800943c                . = ALIGN (0x4)

.rel.dyn        0x000000000800943c        0x0
 .rel.iplt      0x000000000800943c        0x0 /opt/st/stm32cubeide_1.6.1/plugins/com.st.stm32cube.ide.mcu.externaltools.gnu-tools-for-stm32.9-2020-q2-update.linux64_1.5.0.202011040924/tools/bin/../lib/gcc/arm-none-eabi/9.3.1/thumb/v7e-m+fp/hard/crtbegin.o

.preinit_array  0x000000000800943c        0x0
                0x000000000800943c                . = ALIGN (0x4)
                0x000000000800943c                PROVIDE (__preinit_array_start = .)
 *(.preinit_array*)
                0x000000000800943c                PROVIDE (__preinit_array_end = .)
                0x000000000800943c                . = ALIGN (0x4)

.init_array     0x000000000800943c        0x4
                0x000000000800943c                . = ALIGN (0x4)
                0x000000000800943c                PROVIDE (__init_array_start = .)
 *(SORT_BY_NAME(.init_array.*))
 *(.init_array*)
 .init_array    0x000000000800943c        0x4 /opt/st/stm32cubeide_1.6.1/plugins/com.st.stm32cube.ide.mcu.externaltools.gnu-tools-for-stm32.9-2020-q2-update.linux64_1.5.0.202011040924/tools/bin/../lib/gcc/arm-none-eabi/9.3.1/thumb/v7e-m+fp/hard/crtbegin.o
                0x0000000008009440                PROVIDE (__init_array_end = .)
                0x0000000008009440                . = ALIGN (0x4)

.fini_array     0x0000000008009440        0x4
                0x0000000008009440                . = ALIGN (0x4)
                [!provide]                        PROVIDE (__fini_array_start = .)
 *(SORT_BY_NAME(.fini_array.*))
 *(.fini_array*)
 .fini_array    0x0000000008009440        0x4 /opt/st/stm32cubeide_1.6.1/plugins/com.st.stm32cube.ide.mcu.externaltools.gnu-tools-for-stm32.9-2020-q2-update.linux64_1.5.0.202011040924/tools/bin/../lib/gcc/arm-none-eabi/9.3.1/thumb/v7e-m+fp/hard/crtbegin.o
                [!provide]                        PROVIDE (__fini_array_end = .)
                0x0000000008009444                . = ALIGN (0x4)
                0x0000000008009444                _sidata = LOADADDR (.data)

.data           0x0000000020000000        0xc load address 0x0000000008009444
                0x0000000020000000                . = ALIGN (0x4)
                0x0000000020000000                _sdata = .
 *(.data)
 *(.data*)
 .data.SystemCoreClock
                0x0000000020000000        0x4 Core/Src/system_stm32f4xx.o
                0x0000000020000000                SystemCoreClock
 .data.uwTickFreq
                0x0000000020000004        0x1 Drivers/STM32F4xx_HAL_Driver/Src/stm32f4xx_hal.o
                0x0000000020000004                uwTickFreq
 *fill*         0x0000000020000005        0x3 
 .data.uwTickPrio
                0x0000000020000008        0x4 Drivers/STM32F4xx_HAL_Driver/Src/stm32f4xx_hal.o
                0x0000000020000008                uwTickPrio
 *(.RamFunc)
 *(.RamFunc*)
                0x000000002000000c                . = ALIGN (0x4)
                0x000000002000000c                _edata = .

.igot.plt       0x000000002000000c        0x0 load address 0x0000000008009450
 .igot.plt      0x000000002000000c        0x0 /opt/st/stm32cubeide_1.6.1/plugins/com.st.stm32cube.ide.mcu.externaltools.gnu-tools-for-stm32.9-2020-q2-update.linux64_1.5.0.202011040924/tools/bin/../lib/gcc/arm-none-eabi/9.3.1/thumb/v7e-m+fp/hard/crtbegin.o
                0x000000002000000c                . = ALIGN (0x4)

.bss            0x000000002000000c      0x124 load address 0x0000000008009450
                0x000000002000000c                _sbss = .
                0x000000002000000c                __bss_start__ = _sbss
 *(.bss)
 .bss           0x000000002000000c       0x1c /opt/st/stm32cubeide_1.6.1/plugins/com.st.stm32cube.ide.mcu.externaltools.gnu-tools-for-stm32.9-2020-q2-update.linux64_1.5.0.202011040924/tools/bin/../lib/gcc/arm-none-eabi/9.3.1/thumb/v7e-m+fp/hard/crtbegin.o
 *(.bss*)
 .bss.hdma_usart1_rx
                0x0000000020000028       0x60 Core/Src/main.o
                0x0000000020000028                hdma_usart1_rx
 .bss.hdma_usart1_tx
                0x0000000020000088       0x60 Core/Src/main.o
                0x0000000020000088                hdma_usart1_tx
 .bss.huart1    0x00000000200000e8       0x44 Core/Src/main.o
                0x00000000200000e8                huart1
 .bss.uwTick    0x000000002000012c        0x4 Drivers/STM32F4xx_HAL_Driver/Src/stm32f4xx_hal.o
                0x000000002000012c                uwTick
 *(COMMON)
                0x0000000020000130                . = ALIGN (0x4)
                0x0000000020000130                _ebss = .
                0x0000000020000130                __bss_end__ = _ebss

._user_heap_stack
                0x0000000020000130      0x600 load address 0x0000000008009450
                0x0000000020000130                . = ALIGN (0x8)
                [!provide]                        PROVIDE (end = .)
                0x0000000020000130                PROVIDE (_end = .)
                0x0000000020000330                . = (. + _Min_Heap_Size)
 *fill*         0x0000000020000130      0x200 
                0x0000000020000730                . = (. + _Min_Stack_Size)
 *fill*         0x0000000020000330      0x400 
                0x0000000020000730                . = ALIGN (0x8)

/DISCARD/
 libc.a(*)
 libm.a(*)
 libgcc.a(*)

.ARM.attributes
                0x0000000000000000       0x30
 *(.ARM.attributes)
 .ARM.attributes
                0x0000000000000000       0x1e /opt/st/stm32cubeide_1.6.1/plugins/com.st.stm32cube.ide.mcu.externaltools.gnu-tools-for-stm32.9-2020-q2-update.linux64_1.5.0.202011040924/tools/bin/../lib/gcc/arm-none-eabi/9.3.1/thumb/v7e-m+fp/hard/crti.o
 .ARM.attributes
                0x000000000000001e       0x34 /opt/st/stm32cubeide_1.6.1/plugins/com.st.stm32cube.ide.mcu.externaltools.gnu-tools-for-stm32.9-2020-q2-update.linux64_1.5.0.202011040924/tools/bin/../lib/gcc/arm-none-eabi/9.3.1/thumb/v7e-m+fp/hard/crtbegin.o
 .ARM.attributes
                0x0000000000000052       0x30 Core/Src/main.o
 .ARM.attributes
                0x0000000000000082       0x30 Core/Src/stm32f4xx_hal_msp.o
 .ARM.attributes
                0x00000000000000b2       0x30 Core/Src/stm32f4xx_it.o
 .ARM.attributes
                0x00000000000000e2       0x30 Core/Src/system_stm32f4xx.o
 .ARM.attributes
                0x0000000000000112       0x30 Core/Src/trigger.o
 .ARM.attributes
                0x0000000000000142       0x20 Core/Src/new_hope/asm_KeccakF-1600.o
 .ARM.attributes
                0x0000000000000162       0x20 Core/Src/new_hope/asm_chacha.o
 .ARM.attributes
                0x0000000000000182       0x20 Core/Src/new_hope/asm_ec.o
 .ARM.attributes
                0x00000000000001a2       0x20 Core/Src/new_hope/asm_ntt.o
 .ARM.attributes
                0x00000000000001c2       0x20 Core/Src/new_hope/asm_poly.o
 .ARM.attributes
                0x00000000000001e2       0x30 Core/Src/new_hope/crypto_stream_chacha20.o
 .ARM.attributes
                0x0000000000000212       0x30 Core/Src/new_hope/fips202.o
 .ARM.attributes
                0x0000000000000242       0x30 Core/Src/new_hope/newhope.o
 .ARM.attributes
                0x0000000000000272       0x30 Core/Src/new_hope/ntt.o
 .ARM.attributes
                0x00000000000002a2       0x30 Core/Src/new_hope/poly.o
 .ARM.attributes
                0x00000000000002d2       0x30 Core/Src/new_hope/randombytes.o
 .ARM.attributes
                0x0000000000000302       0x30 Core/Src/new_hope/reduce.o
 .ARM.attributes
                0x0000000000000332       0x30 Core/Src/new_hope/server.o
 .ARM.attributes
                0x0000000000000362       0x30 Core/Src/new_hope/stm32f0_wrapper.o
 .ARM.attributes
                0x0000000000000392       0x21 Core/Startup/startup_stm32f405rgtx.o
 .ARM.attributes
                0x00000000000003b3       0x30 Drivers/STM32F4xx_HAL_Driver/Src/stm32f4xx_hal.o
 .ARM.attributes
                0x00000000000003e3       0x30 Drivers/STM32F4xx_HAL_Driver/Src/stm32f4xx_hal_cortex.o
 .ARM.attributes
                0x0000000000000413       0x30 Drivers/STM32F4xx_HAL_Driver/Src/stm32f4xx_hal_dma.o
 .ARM.attributes
                0x0000000000000443       0x30 Drivers/STM32F4xx_HAL_Driver/Src/stm32f4xx_hal_gpio.o
 .ARM.attributes
                0x0000000000000473       0x30 Drivers/STM32F4xx_HAL_Driver/Src/stm32f4xx_hal_rcc.o
 .ARM.attributes
                0x00000000000004a3       0x30 Drivers/STM32F4xx_HAL_Driver/Src/stm32f4xx_hal_uart.o
 .ARM.attributes
                0x00000000000004d3       0x1e /opt/st/stm32cubeide_1.6.1/plugins/com.st.stm32cube.ide.mcu.externaltools.gnu-tools-for-stm32.9-2020-q2-update.linux64_1.5.0.202011040924/tools/bin/../lib/gcc/arm-none-eabi/9.3.1/thumb/v7e-m+fp/hard/libgcc.a(_aeabi_uldivmod.o)
 .ARM.attributes
                0x00000000000004f1       0x34 /opt/st/stm32cubeide_1.6.1/plugins/com.st.stm32cube.ide.mcu.externaltools.gnu-tools-for-stm32.9-2020-q2-update.linux64_1.5.0.202011040924/tools/bin/../lib/gcc/arm-none-eabi/9.3.1/thumb/v7e-m+fp/hard/libgcc.a(_udivmoddi4.o)
 .ARM.attributes
                0x0000000000000525       0x1e /opt/st/stm32cubeide_1.6.1/plugins/com.st.stm32cube.ide.mcu.externaltools.gnu-tools-for-stm32.9-2020-q2-update.linux64_1.5.0.202011040924/tools/bin/../lib/gcc/arm-none-eabi/9.3.1/thumb/v7e-m+fp/hard/libgcc.a(_dvmd_tls.o)
 .ARM.attributes
                0x0000000000000543       0x34 /opt/st/stm32cubeide_1.6.1/plugins/com.st.stm32cube.ide.mcu.externaltools.gnu-tools-for-stm32.9-2020-q2-update.linux64_1.5.0.202011040924/tools/bin/../lib/gcc/arm-none-eabi/9.3.1/../../../../arm-none-eabi/lib/thumb/v7e-m+fp/hard/libc_nano.a(lib_a-init.o)
 .ARM.attributes
                0x0000000000000577       0x34 /opt/st/stm32cubeide_1.6.1/plugins/com.st.stm32cube.ide.mcu.externaltools.gnu-tools-for-stm32.9-2020-q2-update.linux64_1.5.0.202011040924/tools/bin/../lib/gcc/arm-none-eabi/9.3.1/../../../../arm-none-eabi/lib/thumb/v7e-m+fp/hard/libc_nano.a(lib_a-memcpy-stub.o)
 .ARM.attributes
                0x00000000000005ab       0x34 /opt/st/stm32cubeide_1.6.1/plugins/com.st.stm32cube.ide.mcu.externaltools.gnu-tools-for-stm32.9-2020-q2-update.linux64_1.5.0.202011040924/tools/bin/../lib/gcc/arm-none-eabi/9.3.1/../../../../arm-none-eabi/lib/thumb/v7e-m+fp/hard/libc_nano.a(lib_a-memset.o)
 .ARM.attributes
                0x00000000000005df       0x1e /opt/st/stm32cubeide_1.6.1/plugins/com.st.stm32cube.ide.mcu.externaltools.gnu-tools-for-stm32.9-2020-q2-update.linux64_1.5.0.202011040924/tools/bin/../lib/gcc/arm-none-eabi/9.3.1/thumb/v7e-m+fp/hard/crtn.o
OUTPUT(new_hope_sca_server.elf elf32-littlearm)
LOAD linker stubs
LOAD /opt/st/stm32cubeide_1.6.1/plugins/com.st.stm32cube.ide.mcu.externaltools.gnu-tools-for-stm32.9-2020-q2-update.linux64_1.5.0.202011040924/tools/bin/../lib/gcc/arm-none-eabi/9.3.1/../../../../arm-none-eabi/lib/thumb/v7e-m+fp/hard/libc.a
LOAD /opt/st/stm32cubeide_1.6.1/plugins/com.st.stm32cube.ide.mcu.externaltools.gnu-tools-for-stm32.9-2020-q2-update.linux64_1.5.0.202011040924/tools/bin/../lib/gcc/arm-none-eabi/9.3.1/../../../../arm-none-eabi/lib/thumb/v7e-m+fp/hard/libm.a
LOAD /opt/st/stm32cubeide_1.6.1/plugins/com.st.stm32cube.ide.mcu.externaltools.gnu-tools-for-stm32.9-2020-q2-update.linux64_1.5.0.202011040924/tools/bin/../lib/gcc/arm-none-eabi/9.3.1/thumb/v7e-m+fp/hard/libgcc.a

.debug_info     0x0000000000000000     0xd7de
 .debug_info    0x0000000000000000     0x10c6 Core/Src/main.o
 .debug_info    0x00000000000010c6      0xd80 Core/Src/stm32f4xx_hal_msp.o
 .debug_info    0x0000000000001e46      0x799 Core/Src/stm32f4xx_it.o
 .debug_info    0x00000000000025df      0x5bd Core/Src/system_stm32f4xx.o
 .debug_info    0x0000000000002b9c      0x2d6 Core/Src/trigger.o
 .debug_info    0x0000000000002e72       0x26 Core/Src/new_hope/asm_KeccakF-1600.o
 .debug_info    0x0000000000002e98       0x26 Core/Src/new_hope/asm_chacha.o
 .debug_info    0x0000000000002ebe       0x26 Core/Src/new_hope/asm_ec.o
 .debug_info    0x0000000000002ee4       0x26 Core/Src/new_hope/asm_ntt.o
 .debug_info    0x0000000000002f0a       0x26 Core/Src/new_hope/asm_poly.o
 .debug_info    0x0000000000002f30      0x446 Core/Src/new_hope/crypto_stream_chacha20.o
 .debug_info    0x0000000000003376      0x687 Core/Src/new_hope/fips202.o
 .debug_info    0x00000000000039fd     0x12cd Core/Src/new_hope/newhope.o
 .debug_info    0x0000000000004cca      0x153 Core/Src/new_hope/ntt.o
 .debug_info    0x0000000000004e1d      0x7bb Core/Src/new_hope/poly.o
 .debug_info    0x00000000000055d8      0xa17 Core/Src/new_hope/randombytes.o
 .debug_info    0x0000000000005fef      0x13a Core/Src/new_hope/reduce.o
 .debug_info    0x0000000000006129      0xfaa Core/Src/new_hope/server.o
 .debug_info    0x00000000000070d3      0x9ec Core/Src/new_hope/stm32f0_wrapper.o
 .debug_info    0x0000000000007abf       0x22 Core/Startup/startup_stm32f405rgtx.o
 .debug_info    0x0000000000007ae1      0xa9f Drivers/STM32F4xx_HAL_Driver/Src/stm32f4xx_hal.o
 .debug_info    0x0000000000008580     0x113e Drivers/STM32F4xx_HAL_Driver/Src/stm32f4xx_hal_cortex.o
 .debug_info    0x00000000000096be      0xc3e Drivers/STM32F4xx_HAL_Driver/Src/stm32f4xx_hal_dma.o
 .debug_info    0x000000000000a2fc      0x88a Drivers/STM32F4xx_HAL_Driver/Src/stm32f4xx_hal_gpio.o
 .debug_info    0x000000000000ab86      0xbcb Drivers/STM32F4xx_HAL_Driver/Src/stm32f4xx_hal_rcc.o
 .debug_info    0x000000000000b751     0x208d Drivers/STM32F4xx_HAL_Driver/Src/stm32f4xx_hal_uart.o

.debug_abbrev   0x0000000000000000     0x2e29
 .debug_abbrev  0x0000000000000000      0x2ec Core/Src/main.o
 .debug_abbrev  0x00000000000002ec      0x1f4 Core/Src/stm32f4xx_hal_msp.o
 .debug_abbrev  0x00000000000004e0      0x1cd Core/Src/stm32f4xx_it.o
 .debug_abbrev  0x00000000000006ad      0x14b Core/Src/system_stm32f4xx.o
 .debug_abbrev  0x00000000000007f8      0x127 Core/Src/trigger.o
 .debug_abbrev  0x000000000000091f       0x14 Core/Src/new_hope/asm_KeccakF-1600.o
 .debug_abbrev  0x0000000000000933       0x14 Core/Src/new_hope/asm_chacha.o
 .debug_abbrev  0x0000000000000947       0x14 Core/Src/new_hope/asm_ec.o
 .debug_abbrev  0x000000000000095b       0x14 Core/Src/new_hope/asm_ntt.o
 .debug_abbrev  0x000000000000096f       0x14 Core/Src/new_hope/asm_poly.o
 .debug_abbrev  0x0000000000000983      0x1df Core/Src/new_hope/crypto_stream_chacha20.o
 .debug_abbrev  0x0000000000000b62      0x1c0 Core/Src/new_hope/fips202.o
 .debug_abbrev  0x0000000000000d22      0x32a Core/Src/new_hope/newhope.o
 .debug_abbrev  0x000000000000104c       0xc8 Core/Src/new_hope/ntt.o
 .debug_abbrev  0x0000000000001114      0x1cd Core/Src/new_hope/poly.o
 .debug_abbrev  0x00000000000012e1      0x1e5 Core/Src/new_hope/randombytes.o
 .debug_abbrev  0x00000000000014c6       0xc7 Core/Src/new_hope/reduce.o
 .debug_abbrev  0x000000000000158d      0x33f Core/Src/new_hope/server.o
 .debug_abbrev  0x00000000000018cc      0x2d5 Core/Src/new_hope/stm32f0_wrapper.o
 .debug_abbrev  0x0000000000001ba1       0x12 Core/Startup/startup_stm32f405rgtx.o
 .debug_abbrev  0x0000000000001bb3      0x27e Drivers/STM32F4xx_HAL_Driver/Src/stm32f4xx_hal.o
 .debug_abbrev  0x0000000000001e31      0x389 Drivers/STM32F4xx_HAL_Driver/Src/stm32f4xx_hal_cortex.o
 .debug_abbrev  0x00000000000021ba      0x330 Drivers/STM32F4xx_HAL_Driver/Src/stm32f4xx_hal_dma.o
 .debug_abbrev  0x00000000000024ea      0x231 Drivers/STM32F4xx_HAL_Driver/Src/stm32f4xx_hal_gpio.o
 .debug_abbrev  0x000000000000271b      0x318 Drivers/STM32F4xx_HAL_Driver/Src/stm32f4xx_hal_rcc.o
 .debug_abbrev  0x0000000000002a33      0x3f6 Drivers/STM32F4xx_HAL_Driver/Src/stm32f4xx_hal_uart.o

.debug_aranges  0x0000000000000000      0x840
 .debug_aranges
                0x0000000000000000       0x30 Core/Src/main.o
 .debug_aranges
                0x0000000000000030       0x30 Core/Src/stm32f4xx_hal_msp.o
 .debug_aranges
                0x0000000000000060       0x68 Core/Src/stm32f4xx_it.o
 .debug_aranges
                0x00000000000000c8       0x28 Core/Src/system_stm32f4xx.o
 .debug_aranges
                0x00000000000000f0       0x28 Core/Src/trigger.o
 .debug_aranges
                0x0000000000000118       0x20 Core/Src/new_hope/asm_KeccakF-1600.o
 .debug_aranges
                0x0000000000000138       0x20 Core/Src/new_hope/asm_chacha.o
 .debug_aranges
                0x0000000000000158       0x20 Core/Src/new_hope/asm_ec.o
 .debug_aranges
                0x0000000000000178       0x20 Core/Src/new_hope/asm_ntt.o
 .debug_aranges
                0x0000000000000198       0x20 Core/Src/new_hope/asm_poly.o
 .debug_aranges
                0x00000000000001b8       0x20 Core/Src/new_hope/crypto_stream_chacha20.o
 .debug_aranges
                0x00000000000001d8       0x30 Core/Src/new_hope/fips202.o
 .debug_aranges
                0x0000000000000208       0x48 Core/Src/new_hope/newhope.o
 .debug_aranges
                0x0000000000000250       0x20 Core/Src/new_hope/ntt.o
 .debug_aranges
                0x0000000000000270       0x60 Core/Src/new_hope/poly.o
 .debug_aranges
                0x00000000000002d0       0x20 Core/Src/new_hope/randombytes.o
 .debug_aranges
                0x00000000000002f0       0x28 Core/Src/new_hope/reduce.o
 .debug_aranges
                0x0000000000000318       0x40 Core/Src/new_hope/server.o
 .debug_aranges
                0x0000000000000358       0x50 Core/Src/new_hope/stm32f0_wrapper.o
 .debug_aranges
                0x00000000000003a8       0x28 Core/Startup/startup_stm32f405rgtx.o
 .debug_aranges
                0x00000000000003d0       0xe8 Drivers/STM32F4xx_HAL_Driver/Src/stm32f4xx_hal.o
 .debug_aranges
                0x00000000000004b8       0xa8 Drivers/STM32F4xx_HAL_Driver/Src/stm32f4xx_hal_cortex.o
 .debug_aranges
                0x0000000000000560       0x78 Drivers/STM32F4xx_HAL_Driver/Src/stm32f4xx_hal_dma.o
 .debug_aranges
                0x00000000000005d8       0x58 Drivers/STM32F4xx_HAL_Driver/Src/stm32f4xx_hal_gpio.o
 .debug_aranges
                0x0000000000000630       0x88 Drivers/STM32F4xx_HAL_Driver/Src/stm32f4xx_hal_rcc.o
 .debug_aranges
                0x00000000000006b8      0x188 Drivers/STM32F4xx_HAL_Driver/Src/stm32f4xx_hal_uart.o

.debug_ranges   0x0000000000000000      0xd00
 .debug_ranges  0x0000000000000000      0x140 Core/Src/main.o
 .debug_ranges  0x0000000000000140       0x68 Core/Src/stm32f4xx_hal_msp.o
 .debug_ranges  0x00000000000001a8       0x58 Core/Src/stm32f4xx_it.o
 .debug_ranges  0x0000000000000200       0x18 Core/Src/system_stm32f4xx.o
 .debug_ranges  0x0000000000000218       0x18 Core/Src/trigger.o
 .debug_ranges  0x0000000000000230       0x28 Core/Src/new_hope/crypto_stream_chacha20.o
 .debug_ranges  0x0000000000000258       0x40 Core/Src/new_hope/fips202.o
 .debug_ranges  0x0000000000000298       0x50 Core/Src/new_hope/newhope.o
 .debug_ranges  0x00000000000002e8       0x10 Core/Src/new_hope/ntt.o
 .debug_ranges  0x00000000000002f8       0x50 Core/Src/new_hope/poly.o
 .debug_ranges  0x0000000000000348       0x10 Core/Src/new_hope/randombytes.o
 .debug_ranges  0x0000000000000358       0x18 Core/Src/new_hope/reduce.o
 .debug_ranges  0x0000000000000370       0x30 Core/Src/new_hope/server.o
 .debug_ranges  0x00000000000003a0       0x58 Core/Src/new_hope/stm32f0_wrapper.o
 .debug_ranges  0x00000000000003f8       0x20 Core/Startup/startup_stm32f405rgtx.o
 .debug_ranges  0x0000000000000418       0xd8 Drivers/STM32F4xx_HAL_Driver/Src/stm32f4xx_hal.o
 .debug_ranges  0x00000000000004f0      0x1c0 Drivers/STM32F4xx_HAL_Driver/Src/stm32f4xx_hal_cortex.o
 .debug_ranges  0x00000000000006b0      0x108 Drivers/STM32F4xx_HAL_Driver/Src/stm32f4xx_hal_dma.o
 .debug_ranges  0x00000000000007b8       0x68 Drivers/STM32F4xx_HAL_Driver/Src/stm32f4xx_hal_gpio.o
 .debug_ranges  0x0000000000000820      0x138 Drivers/STM32F4xx_HAL_Driver/Src/stm32f4xx_hal_rcc.o
 .debug_ranges  0x0000000000000958      0x3a8 Drivers/STM32F4xx_HAL_Driver/Src/stm32f4xx_hal_uart.o

.debug_macro    0x0000000000000000    0x1ebc5
 .debug_macro   0x0000000000000000      0x1c9 Core/Src/main.o
 .debug_macro   0x00000000000001c9      0xaba Core/Src/main.o
 .debug_macro   0x0000000000000c83      0x295 Core/Src/main.o
 .debug_macro   0x0000000000000f18       0x28 Core/Src/main.o
 .debug_macro   0x0000000000000f40       0x2f Core/Src/main.o
 .debug_macro   0x0000000000000f6f       0x22 Core/Src/main.o
 .debug_macro   0x0000000000000f91       0x8e Core/Src/main.o
 .debug_macro   0x000000000000101f       0x51 Core/Src/main.o
 .debug_macro   0x0000000000001070      0x103 Core/Src/main.o
 .debug_macro   0x0000000000001173       0x6a Core/Src/main.o
 .debug_macro   0x00000000000011dd      0x1df Core/Src/main.o
 .debug_macro   0x00000000000013bc       0x1c Core/Src/main.o
 .debug_macro   0x00000000000013d8       0x22 Core/Src/main.o
 .debug_macro   0x00000000000013fa       0xdf Core/Src/main.o
 .debug_macro   0x00000000000014d9     0x102d Core/Src/main.o
 .debug_macro   0x0000000000002506      0x11f Core/Src/main.o
 .debug_macro   0x0000000000002625    0x14251 Core/Src/main.o
 .debug_macro   0x0000000000016876       0x43 Core/Src/main.o
 .debug_macro   0x00000000000168b9     0x3659 Core/Src/main.o
 .debug_macro   0x0000000000019f12      0x174 Core/Src/main.o
 .debug_macro   0x000000000001a086       0x5c Core/Src/main.o
 .debug_macro   0x000000000001a0e2      0x8a7 Core/Src/main.o
 .debug_macro   0x000000000001a989      0x9fe Core/Src/main.o
 .debug_macro   0x000000000001b387      0x117 Core/Src/main.o
 .debug_macro   0x000000000001b49e      0x130 Core/Src/main.o
 .debug_macro   0x000000000001b5ce       0x82 Core/Src/main.o
 .debug_macro   0x000000000001b650      0x174 Core/Src/main.o
 .debug_macro   0x000000000001b7c4      0x287 Core/Src/main.o
 .debug_macro   0x000000000001ba4b       0x5f Core/Src/main.o
 .debug_macro   0x000000000001baaa      0x236 Core/Src/main.o
 .debug_macro   0x000000000001bce0      0x12c Core/Src/main.o
 .debug_macro   0x000000000001be0c      0x21e Core/Src/main.o
 .debug_macro   0x000000000001c02a       0x2e Core/Src/main.o
 .debug_macro   0x000000000001c058      0x11a Core/Src/main.o
 .debug_macro   0x000000000001c172       0x7e Core/Src/main.o
 .debug_macro   0x000000000001c1f0       0x89 Core/Src/main.o
 .debug_macro   0x000000000001c279      0x295 Core/Src/main.o
 .debug_macro   0x000000000001c50e      0x12d Core/Src/main.o
 .debug_macro   0x000000000001c63b       0x10 Core/Src/main.o
 .debug_macro   0x000000000001c64b      0x1c9 Core/Src/stm32f4xx_hal_msp.o
 .debug_macro   0x000000000001c814      0x1d3 Core/Src/stm32f4xx_it.o
 .debug_macro   0x000000000001c9e7      0x1ba Core/Src/system_stm32f4xx.o
 .debug_macro   0x000000000001cba1      0x1c3 Core/Src/trigger.o
 .debug_macro   0x000000000001cd64       0x10 Core/Src/trigger.o
 .debug_macro   0x000000000001cd74       0x86 Core/Src/new_hope/crypto_stream_chacha20.o
 .debug_macro   0x000000000001cdfa       0x2e Core/Src/new_hope/crypto_stream_chacha20.o
 .debug_macro   0x000000000001ce28       0x6c Core/Src/new_hope/fips202.o
 .debug_macro   0x000000000001ce94       0x16 Core/Src/new_hope/fips202.o
 .debug_macro   0x000000000001ceaa      0x250 Core/Src/new_hope/newhope.o
 .debug_macro   0x000000000001d0fa       0x10 Core/Src/new_hope/newhope.o
 .debug_macro   0x000000000001d10a       0xcc Core/Src/new_hope/ntt.o
 .debug_macro   0x000000000001d1d6      0x109 Core/Src/new_hope/poly.o
 .debug_macro   0x000000000001d2df      0x1e9 Core/Src/new_hope/randombytes.o
 .debug_macro   0x000000000001d4c8      0x22a Core/Src/new_hope/randombytes.o
 .debug_macro   0x000000000001d6f2       0x10 Core/Src/new_hope/randombytes.o
 .debug_macro   0x000000000001d702       0x16 Core/Src/new_hope/randombytes.o
 .debug_macro   0x000000000001d718      0x51a Core/Src/new_hope/randombytes.o
 .debug_macro   0x000000000001dc32       0x76 Core/Src/new_hope/reduce.o
 .debug_macro   0x000000000001dca8      0x253 Core/Src/new_hope/server.o
 .debug_macro   0x000000000001defb      0x1dd Core/Src/new_hope/stm32f0_wrapper.o
 .debug_macro   0x000000000001e0d8      0x21a Drivers/STM32F4xx_HAL_Driver/Src/stm32f4xx_hal.o
 .debug_macro   0x000000000001e2f2      0x1ba Drivers/STM32F4xx_HAL_Driver/Src/stm32f4xx_hal_cortex.o
 .debug_macro   0x000000000001e4ac      0x1c0 Drivers/STM32F4xx_HAL_Driver/Src/stm32f4xx_hal_dma.o
 .debug_macro   0x000000000001e66c      0x1c0 Drivers/STM32F4xx_HAL_Driver/Src/stm32f4xx_hal_gpio.o
 .debug_macro   0x000000000001e82c      0x1de Drivers/STM32F4xx_HAL_Driver/Src/stm32f4xx_hal_rcc.o
 .debug_macro   0x000000000001ea0a      0x1bb Drivers/STM32F4xx_HAL_Driver/Src/stm32f4xx_hal_uart.o

.debug_line     0x0000000000000000     0xf40d
 .debug_line    0x0000000000000000      0x8aa Core/Src/main.o
 .debug_line    0x00000000000008aa      0x7d9 Core/Src/stm32f4xx_hal_msp.o
 .debug_line    0x0000000000001083      0x786 Core/Src/stm32f4xx_it.o
 .debug_line    0x0000000000001809      0x704 Core/Src/system_stm32f4xx.o
 .debug_line    0x0000000000001f0d      0x676 Core/Src/trigger.o
 .debug_line    0x0000000000002583      0x19b Core/Src/new_hope/asm_KeccakF-1600.o
 .debug_line    0x000000000000271e      0x72d Core/Src/new_hope/asm_chacha.o
 .debug_line    0x0000000000002e4b      0x38f Core/Src/new_hope/asm_ec.o
 .debug_line    0x00000000000031da      0x25b Core/Src/new_hope/asm_ntt.o
 .debug_line    0x0000000000003435       0xb3 Core/Src/new_hope/asm_poly.o
 .debug_line    0x00000000000034e8      0x664 Core/Src/new_hope/crypto_stream_chacha20.o
 .debug_line    0x0000000000003b4c      0x4ac Core/Src/new_hope/fips202.o
 .debug_line    0x0000000000003ff8      0xb5f Core/Src/new_hope/newhope.o
 .debug_line    0x0000000000004b57      0x540 Core/Src/new_hope/ntt.o
 .debug_line    0x0000000000005097     0x100b Core/Src/new_hope/poly.o
 .debug_line    0x00000000000060a2      0x5f1 Core/Src/new_hope/randombytes.o
 .debug_line    0x0000000000006693      0x3eb Core/Src/new_hope/reduce.o
 .debug_line    0x0000000000006a7e      0xa7d Core/Src/new_hope/server.o
 .debug_line    0x00000000000074fb      0x841 Core/Src/new_hope/stm32f0_wrapper.o
 .debug_line    0x0000000000007d3c       0x88 Core/Startup/startup_stm32f405rgtx.o
 .debug_line    0x0000000000007dc4      0xa04 Drivers/STM32F4xx_HAL_Driver/Src/stm32f4xx_hal.o
 .debug_line    0x00000000000087c8      0xca9 Drivers/STM32F4xx_HAL_Driver/Src/stm32f4xx_hal_cortex.o
 .debug_line    0x0000000000009471     0x140f Drivers/STM32F4xx_HAL_Driver/Src/stm32f4xx_hal_dma.o
 .debug_line    0x000000000000a880      0xc1f Drivers/STM32F4xx_HAL_Driver/Src/stm32f4xx_hal_gpio.o
 .debug_line    0x000000000000b49f     0x104c Drivers/STM32F4xx_HAL_Driver/Src/stm32f4xx_hal_rcc.o
 .debug_line    0x000000000000c4eb     0x2f22 Drivers/STM32F4xx_HAL_Driver/Src/stm32f4xx_hal_uart.o

.debug_str      0x0000000000000000    0xbb1dd
 .debug_str     0x0000000000000000    0xb1ee7 Core/Src/main.o
                                      0xb21e2 (size before relaxing)
 .debug_str     0x00000000000b1ee7       0x96 Core/Src/stm32f4xx_hal_msp.o
                                      0xb2064 (size before relaxing)
 .debug_str     0x00000000000b1f7d      0x132 Core/Src/stm32f4xx_it.o
                                      0xb1a65 (size before relaxing)
 .debug_str     0x00000000000b20af       0xaf Core/Src/system_stm32f4xx.o
                                      0xb1650 (size before relaxing)
 .debug_str     0x00000000000b215e       0x2f Core/Src/trigger.o
                                      0xb1572 (size before relaxing)
 .debug_str     0x00000000000b218d       0x36 Core/Src/new_hope/asm_KeccakF-1600.o
                                         0x66 (size before relaxing)
 .debug_str     0x00000000000b21c3       0x22 Core/Src/new_hope/asm_chacha.o
                                         0x60 (size before relaxing)
 .debug_str     0x00000000000b21e5       0x1e Core/Src/new_hope/asm_ec.o
                                         0x5c (size before relaxing)
 .debug_str     0x00000000000b2203       0x1f Core/Src/new_hope/asm_ntt.o
                                         0x5d (size before relaxing)
 .debug_str     0x00000000000b2222       0x20 Core/Src/new_hope/asm_poly.o
                                         0x5e (size before relaxing)
 .debug_str     0x00000000000b2242      0x15f Core/Src/new_hope/crypto_stream_chacha20.o
                                       0x3e76 (size before relaxing)
 .debug_str     0x00000000000b23a1      0x16b Core/Src/new_hope/fips202.o
                                       0x3e8e (size before relaxing)
 .debug_str     0x00000000000b250c     0x5a33 Core/Src/new_hope/newhope.o
                                       0x9c32 (size before relaxing)
 .debug_str     0x00000000000b7f3f       0x9b Core/Src/new_hope/ntt.o
                                       0x524d (size before relaxing)
 .debug_str     0x00000000000b7fda       0x83 Core/Src/new_hope/poly.o
                                       0x5407 (size before relaxing)
 .debug_str     0x00000000000b805d     0x1acb Core/Src/new_hope/randombytes.o
                                       0x8c17 (size before relaxing)
 .debug_str     0x00000000000b9b28       0x3a Core/Src/new_hope/reduce.o
                                       0x3ddb (size before relaxing)
 .debug_str     0x00000000000b9b62       0xe1 Core/Src/new_hope/server.o
                                       0x9bb9 (size before relaxing)
 .debug_str     0x00000000000b9c43       0xb3 Core/Src/new_hope/stm32f0_wrapper.o
                                      0xb1a71 (size before relaxing)
 .debug_str     0x00000000000b9cf6       0x28 Core/Startup/startup_stm32f405rgtx.o
                                         0x66 (size before relaxing)
 .debug_str     0x00000000000b9d1e      0x5a8 Drivers/STM32F4xx_HAL_Driver/Src/stm32f4xx_hal.o
                                      0xb2156 (size before relaxing)
 .debug_str     0x00000000000ba2c6      0x32d Drivers/STM32F4xx_HAL_Driver/Src/stm32f4xx_hal_cortex.o
                                      0xb1f00 (size before relaxing)
 .debug_str     0x00000000000ba5f3      0x2f3 Drivers/STM32F4xx_HAL_Driver/Src/stm32f4xx_hal_dma.o
                                      0xb1a86 (size before relaxing)
 .debug_str     0x00000000000ba8e6      0x12f Drivers/STM32F4xx_HAL_Driver/Src/stm32f4xx_hal_gpio.o
                                      0xb17f7 (size before relaxing)
 .debug_str     0x00000000000baa15      0x228 Drivers/STM32F4xx_HAL_Driver/Src/stm32f4xx_hal_rcc.o
                                      0xb1a79 (size before relaxing)
 .debug_str     0x00000000000bac3d      0x5a0 Drivers/STM32F4xx_HAL_Driver/Src/stm32f4xx_hal_uart.o
                                      0xb202b (size before relaxing)

.comment        0x0000000000000000       0x53
 .comment       0x0000000000000000       0x53 Core/Src/main.o
                                         0x54 (size before relaxing)
 .comment       0x0000000000000053       0x54 Core/Src/stm32f4xx_hal_msp.o
 .comment       0x0000000000000053       0x54 Core/Src/stm32f4xx_it.o
 .comment       0x0000000000000053       0x54 Core/Src/system_stm32f4xx.o
 .comment       0x0000000000000053       0x54 Core/Src/trigger.o
 .comment       0x0000000000000053       0x54 Core/Src/new_hope/crypto_stream_chacha20.o
 .comment       0x0000000000000053       0x54 Core/Src/new_hope/fips202.o
 .comment       0x0000000000000053       0x54 Core/Src/new_hope/newhope.o
 .comment       0x0000000000000053       0x54 Core/Src/new_hope/ntt.o
 .comment       0x0000000000000053       0x54 Core/Src/new_hope/poly.o
 .comment       0x0000000000000053       0x54 Core/Src/new_hope/randombytes.o
 .comment       0x0000000000000053       0x54 Core/Src/new_hope/reduce.o
 .comment       0x0000000000000053       0x54 Core/Src/new_hope/server.o
 .comment       0x0000000000000053       0x54 Core/Src/new_hope/stm32f0_wrapper.o
 .comment       0x0000000000000053       0x54 Drivers/STM32F4xx_HAL_Driver/Src/stm32f4xx_hal.o
 .comment       0x0000000000000053       0x54 Drivers/STM32F4xx_HAL_Driver/Src/stm32f4xx_hal_cortex.o
 .comment       0x0000000000000053       0x54 Drivers/STM32F4xx_HAL_Driver/Src/stm32f4xx_hal_dma.o
 .comment       0x0000000000000053       0x54 Drivers/STM32F4xx_HAL_Driver/Src/stm32f4xx_hal_gpio.o
 .comment       0x0000000000000053       0x54 Drivers/STM32F4xx_HAL_Driver/Src/stm32f4xx_hal_rcc.o
 .comment       0x0000000000000053       0x54 Drivers/STM32F4xx_HAL_Driver/Src/stm32f4xx_hal_uart.o

.debug_frame    0x0000000000000000     0x1578
 .debug_frame   0x0000000000000000       0x58 Core/Src/main.o
 .debug_frame   0x0000000000000058       0x70 Core/Src/stm32f4xx_hal_msp.o
 .debug_frame   0x00000000000000c8       0xd0 Core/Src/stm32f4xx_it.o
 .debug_frame   0x0000000000000198       0x30 Core/Src/system_stm32f4xx.o
 .debug_frame   0x00000000000001c8       0x30 Core/Src/trigger.o
 .debug_frame   0x00000000000001f8       0x40 Core/Src/new_hope/crypto_stream_chacha20.o
 .debug_frame   0x0000000000000238       0x8c Core/Src/new_hope/fips202.o
 .debug_frame   0x00000000000002c4       0xd8 Core/Src/new_hope/newhope.o
 .debug_frame   0x000000000000039c       0x2c Core/Src/new_hope/ntt.o
 .debug_frame   0x00000000000003c8      0x138 Core/Src/new_hope/poly.o
 .debug_frame   0x0000000000000500       0x40 Core/Src/new_hope/randombytes.o
 .debug_frame   0x0000000000000540       0x30 Core/Src/new_hope/reduce.o
 .debug_frame   0x0000000000000570       0xd8 Core/Src/new_hope/server.o
 .debug_frame   0x0000000000000648       0xb0 Core/Src/new_hope/stm32f0_wrapper.o
 .debug_frame   0x00000000000006f8      0x1f4 Drivers/STM32F4xx_HAL_Driver/Src/stm32f4xx_hal.o
 .debug_frame   0x00000000000008ec      0x184 Drivers/STM32F4xx_HAL_Driver/Src/stm32f4xx_hal_cortex.o
 .debug_frame   0x0000000000000a70      0x1c8 Drivers/STM32F4xx_HAL_Driver/Src/stm32f4xx_hal_dma.o
 .debug_frame   0x0000000000000c38       0xd8 Drivers/STM32F4xx_HAL_Driver/Src/stm32f4xx_hal_gpio.o
 .debug_frame   0x0000000000000d10      0x18c Drivers/STM32F4xx_HAL_Driver/Src/stm32f4xx_hal_rcc.o
 .debug_frame   0x0000000000000e9c      0x608 Drivers/STM32F4xx_HAL_Driver/Src/stm32f4xx_hal_uart.o
 .debug_frame   0x00000000000014a4       0x2c /opt/st/stm32cubeide_1.6.1/plugins/com.st.stm32cube.ide.mcu.externaltools.gnu-tools-for-stm32.9-2020-q2-update.linux64_1.5.0.202011040924/tools/bin/../lib/gcc/arm-none-eabi/9.3.1/thumb/v7e-m+fp/hard/libgcc.a(_aeabi_uldivmod.o)
 .debug_frame   0x00000000000014d0       0x34 /opt/st/stm32cubeide_1.6.1/plugins/com.st.stm32cube.ide.mcu.externaltools.gnu-tools-for-stm32.9-2020-q2-update.linux64_1.5.0.202011040924/tools/bin/../lib/gcc/arm-none-eabi/9.3.1/thumb/v7e-m+fp/hard/libgcc.a(_udivmoddi4.o)
 .debug_frame   0x0000000000001504       0x2c /opt/st/stm32cubeide_1.6.1/plugins/com.st.stm32cube.ide.mcu.externaltools.gnu-tools-for-stm32.9-2020-q2-update.linux64_1.5.0.202011040924/tools/bin/../lib/gcc/arm-none-eabi/9.3.1/../../../../arm-none-eabi/lib/thumb/v7e-m+fp/hard/libc_nano.a(lib_a-init.o)
 .debug_frame   0x0000000000001530       0x28 /opt/st/stm32cubeide_1.6.1/plugins/com.st.stm32cube.ide.mcu.externaltools.gnu-tools-for-stm32.9-2020-q2-update.linux64_1.5.0.202011040924/tools/bin/../lib/gcc/arm-none-eabi/9.3.1/../../../../arm-none-eabi/lib/thumb/v7e-m+fp/hard/libc_nano.a(lib_a-memcpy-stub.o)
 .debug_frame   0x0000000000001558       0x20 /opt/st/stm32cubeide_1.6.1/plugins/com.st.stm32cube.ide.mcu.externaltools.gnu-tools-for-stm32.9-2020-q2-update.linux64_1.5.0.202011040924/tools/bin/../lib/gcc/arm-none-eabi/9.3.1/../../../../arm-none-eabi/lib/thumb/v7e-m+fp/hard/libc_nano.a(lib_a-memset.o)

.debug_loc      0x0000000000000000     0x5f26
 .debug_loc     0x0000000000000000       0x54 Core/Src/stm32f4xx_hal_msp.o
 .debug_loc     0x0000000000000054      0x12f Core/Src/system_stm32f4xx.o
 .debug_loc     0x0000000000000183      0x532 Core/Src/new_hope/crypto_stream_chacha20.o
 .debug_loc     0x00000000000006b5      0x39a Core/Src/new_hope/fips202.o
 .debug_loc     0x0000000000000a4f      0x614 Core/Src/new_hope/newhope.o
 .debug_loc     0x0000000000001063       0x69 Core/Src/new_hope/ntt.o
 .debug_loc     0x00000000000010cc      0x896 Core/Src/new_hope/poly.o
 .debug_loc     0x0000000000001962       0x4e Core/Src/new_hope/randombytes.o
 .debug_loc     0x00000000000019b0      0x176 Core/Src/new_hope/reduce.o
 .debug_loc     0x0000000000001b26      0x30a Core/Src/new_hope/server.o
 .debug_loc     0x0000000000001e30      0x140 Core/Src/new_hope/stm32f0_wrapper.o
 .debug_loc     0x0000000000001f70      0x168 Drivers/STM32F4xx_HAL_Driver/Src/stm32f4xx_hal.o
 .debug_loc     0x00000000000020d8      0x7a7 Drivers/STM32F4xx_HAL_Driver/Src/stm32f4xx_hal_cortex.o
 .debug_loc     0x000000000000287f      0xabf Drivers/STM32F4xx_HAL_Driver/Src/stm32f4xx_hal_dma.o
 .debug_loc     0x000000000000333e      0x563 Drivers/STM32F4xx_HAL_Driver/Src/stm32f4xx_hal_gpio.o
 .debug_loc     0x00000000000038a1      0x516 Drivers/STM32F4xx_HAL_Driver/Src/stm32f4xx_hal_rcc.o
 .debug_loc     0x0000000000003db7     0x216f Drivers/STM32F4xx_HAL_Driver/Src/stm32f4xx_hal_uart.o
